<?xml version="1.0" encoding="UTF-8"?>
<testsuites tests="1561" failures="4" errors="0" skipped="0">
  <testsuite name="render-tests" tests="1561" failures="4" errors="0" skipped="0">
    <testcase classname="tests/zoomed-raster/underzoom" name="tests/zoomed-raster/underzoom"/>
    <testcase classname="tests/zoomed-raster/overzoom" name="tests/zoomed-raster/overzoom"/>
    <testcase classname="tests/zoomed-raster/fractional" name="tests/zoomed-raster/fractional"/>
    <testcase classname="tests/zoomed-fill/negative-zoom" name="tests/zoomed-fill/negative-zoom"/>
    <testcase classname="tests/zoomed-fill/default" name="tests/zoomed-fill/default"/>
    <testcase classname="tests/zoom-history/out" name="tests/zoom-history/out"/>
    <testcase classname="tests/zoom-history/in" name="tests/zoom-history/in"/>
    <testcase classname="tests/within/within-in-complex-filter" name="tests/within/within-in-complex-filter"/>
    <testcase classname="tests/within/within-feature-geojson" name="tests/within/within-feature-geojson"/>
    <testcase classname="tests/within/within-feature-collection-geojson" name="tests/within/within-feature-collection-geojson"/>
    <testcase classname="tests/within/paint-text" name="tests/within/paint-text"/>
    <testcase classname="tests/within/paint-line-with-simple-polygon" name="tests/within/paint-line-with-simple-polygon"/>
    <testcase classname="tests/within/paint-icon" name="tests/within/paint-icon"/>
    <testcase classname="tests/within/paint-circle" name="tests/within/paint-circle"/>
    <testcase classname="tests/within/layout-text" name="tests/within/layout-text"/>
    <testcase classname="tests/within/filter-with-inlined-geojson" name="tests/within/filter-with-inlined-geojson"/>
    <testcase classname="tests/visibility/zoom/was-below" name="tests/visibility/zoom/was-below"/>
    <testcase classname="tests/visibility/zoom/was-above" name="tests/visibility/zoom/was-above"/>
    <testcase classname="tests/visibility/zoom/out-of-range" name="tests/visibility/zoom/out-of-range"/>
    <testcase classname="tests/visibility/zoom/in-range" name="tests/visibility/zoom/in-range"/>
    <testcase classname="tests/visibility/zoom/below" name="tests/visibility/zoom/below"/>
    <testcase classname="tests/visibility/zoom/above" name="tests/visibility/zoom/above"/>
    <testcase classname="tests/visibility/text/visible" name="tests/visibility/text/visible"/>
    <testcase classname="tests/visibility/text/none" name="tests/visibility/text/none"/>
    <testcase classname="tests/visibility/symbol/visible" name="tests/visibility/symbol/visible"/>
    <testcase classname="tests/visibility/symbol/none" name="tests/visibility/symbol/none"/>
    <testcase classname="tests/visibility/raster/visible" name="tests/visibility/raster/visible"/>
    <testcase classname="tests/visibility/raster/none" name="tests/visibility/raster/none"/>
    <testcase classname="tests/visibility/line/visible" name="tests/visibility/line/visible"/>
    <testcase classname="tests/visibility/line/none" name="tests/visibility/line/none"/>
    <testcase classname="tests/visibility/icon/visible" name="tests/visibility/icon/visible"/>
    <testcase classname="tests/visibility/icon/none" name="tests/visibility/icon/none"/>
    <testcase classname="tests/visibility/hillshade/visible" name="tests/visibility/hillshade/visible"/>
    <testcase classname="tests/visibility/hillshade/none" name="tests/visibility/hillshade/none"/>
    <testcase classname="tests/visibility/heatmap/visible" name="tests/visibility/heatmap/visible"/>
    <testcase classname="tests/visibility/heatmap/none" name="tests/visibility/heatmap/none"/>
    <testcase classname="tests/visibility/global-state" name="tests/visibility/global-state"/>
    <testcase classname="tests/visibility/fill-extrusion/visible" name="tests/visibility/fill-extrusion/visible"/>
    <testcase classname="tests/visibility/fill-extrusion/none" name="tests/visibility/fill-extrusion/none"/>
    <testcase classname="tests/visibility/fill/visible" name="tests/visibility/fill/visible"/>
    <testcase classname="tests/visibility/fill/none" name="tests/visibility/fill/none"/>
    <testcase classname="tests/visibility/color-relief/visible" name="tests/visibility/color-relief/visible"/>
    <testcase classname="tests/visibility/color-relief/none" name="tests/visibility/color-relief/none"/>
    <testcase classname="tests/visibility/circle/visible" name="tests/visibility/circle/visible"/>
    <testcase classname="tests/visibility/circle/none" name="tests/visibility/circle/none"/>
    <testcase classname="tests/visibility/background/visible" name="tests/visibility/background/visible"/>
    <testcase classname="tests/visibility/background/none" name="tests/visibility/background/none"/>
    <testcase classname="tests/video/default" name="tests/video/default"/>
    <testcase classname="tests/tms/tms" name="tests/tms/tms"/>
    <testcase classname="tests/tilejson-bounds/overwrite-bounds" name="tests/tilejson-bounds/overwrite-bounds"/>
    <testcase classname="tests/tilejson-bounds/default" name="tests/tilejson-bounds/default"/>
    <testcase classname="tests/text-writing-mode/point_label/mixed-multiline-vertical-horizontal-mode-icon-text-fit" name="tests/text-writing-mode/point_label/mixed-multiline-vertical-horizontal-mode-icon-text-fit"/>
    <testcase classname="tests/text-writing-mode/point_label/mixed-multiline-vertical-horizontal-mode" name="tests/text-writing-mode/point_label/mixed-multiline-vertical-horizontal-mode"/>
    <testcase classname="tests/text-writing-mode/point_label/latin-vertical-mode" name="tests/text-writing-mode/point_label/latin-vertical-mode"/>
    <testcase classname="tests/text-writing-mode/point_label/cjk-vertical-mode" name="tests/text-writing-mode/point_label/cjk-vertical-mode"/>
    <testcase classname="tests/text-writing-mode/point_label/cjk-vertical-horizontal-mode" name="tests/text-writing-mode/point_label/cjk-vertical-horizontal-mode"/>
    <testcase classname="tests/text-writing-mode/point_label/cjk-variable-anchors-vertical-mode" name="tests/text-writing-mode/point_label/cjk-variable-anchors-vertical-mode"/>
    <testcase classname="tests/text-writing-mode/point_label/cjk-variable-anchors-vertical-horizontal-mode-icon-text-fit" name="tests/text-writing-mode/point_label/cjk-variable-anchors-vertical-horizontal-mode-icon-text-fit"/>
    <testcase classname="tests/text-writing-mode/point_label/cjk-variable-anchors-vertical-horizontal-mode" name="tests/text-writing-mode/point_label/cjk-variable-anchors-vertical-horizontal-mode"/>
    <testcase classname="tests/text-writing-mode/point_label/cjk-punctuation-vertical-mode" name="tests/text-writing-mode/point_label/cjk-punctuation-vertical-mode"/>
    <testcase classname="tests/text-writing-mode/point_label/cjk-multiline-vertical-horizontal-mode" name="tests/text-writing-mode/point_label/cjk-multiline-vertical-horizontal-mode"/>
    <testcase classname="tests/text-writing-mode/point_label/cjk-horizontal-vertical-mode" name="tests/text-writing-mode/point_label/cjk-horizontal-vertical-mode"/>
    <testcase classname="tests/text-writing-mode/point_label/cjk-arabic-vertical-mode" name="tests/text-writing-mode/point_label/cjk-arabic-vertical-mode"/>
    <testcase classname="tests/text-writing-mode/line_label/mixed" name="tests/text-writing-mode/line_label/mixed"/>
    <testcase classname="tests/text-writing-mode/line_label/latin" name="tests/text-writing-mode/line_label/latin"/>
    <testcase classname="tests/text-writing-mode/line_label/chinese-punctuation" name="tests/text-writing-mode/line_label/chinese-punctuation"/>
    <testcase classname="tests/text-writing-mode/line_label/chinese" name="tests/text-writing-mode/line_label/chinese"/>
    <testcase classname="tests/text-variable-anchor-offset/top-bottom-left-right" name="tests/text-variable-anchor-offset/top-bottom-left-right"/>
    <testcase classname="tests/text-variable-anchor-offset/text-allow-overlap" name="tests/text-variable-anchor-offset/text-allow-overlap"/>
    <testcase classname="tests/text-variable-anchor-offset/single-line" name="tests/text-variable-anchor-offset/single-line"/>
    <testcase classname="tests/text-variable-anchor-offset/single-justification" name="tests/text-variable-anchor-offset/single-justification"/>
    <testcase classname="tests/text-variable-anchor-offset/rotated-with-map" name="tests/text-variable-anchor-offset/rotated-with-map"/>
    <testcase classname="tests/text-variable-anchor-offset/rotated-offset" name="tests/text-variable-anchor-offset/rotated-offset"/>
    <testcase classname="tests/text-variable-anchor-offset/rotated" name="tests/text-variable-anchor-offset/rotated"/>
    <testcase classname="tests/text-variable-anchor-offset/pitched-with-map" name="tests/text-variable-anchor-offset/pitched-with-map"/>
    <testcase classname="tests/text-variable-anchor-offset/pitched-offset" name="tests/text-variable-anchor-offset/pitched-offset"/>
    <testcase classname="tests/text-variable-anchor-offset/pitched" name="tests/text-variable-anchor-offset/pitched"/>
    <testcase classname="tests/text-variable-anchor-offset/no-animate-zoom" name="tests/text-variable-anchor-offset/no-animate-zoom"/>
    <testcase classname="tests/text-variable-anchor-offset/icon-text-fit-collision-box" name="tests/text-variable-anchor-offset/icon-text-fit-collision-box"/>
    <testcase classname="tests/text-variable-anchor-offset/icon-image-offset" name="tests/text-variable-anchor-offset/icon-image-offset"/>
    <testcase classname="tests/text-variable-anchor-offset/icon-image-all-anchors" name="tests/text-variable-anchor-offset/icon-image-all-anchors"/>
    <testcase classname="tests/text-variable-anchor-offset/icon-image" name="tests/text-variable-anchor-offset/icon-image"/>
    <testcase classname="tests/text-variable-anchor-offset/all-anchors-text-allow-overlap" name="tests/text-variable-anchor-offset/all-anchors-text-allow-overlap"/>
    <testcase classname="tests/text-variable-anchor-offset/all-anchors-icon-text-fit" name="tests/text-variable-anchor-offset/all-anchors-icon-text-fit"/>
    <testcase classname="tests/text-variable-anchor-offset/all-anchors" name="tests/text-variable-anchor-offset/all-anchors"/>
    <testcase classname="tests/text-variable-anchor/translate-variants/rotated" name="tests/text-variable-anchor/translate-variants/rotated"/>
    <testcase classname="tests/text-variable-anchor/translate-variants/pitched-and-rotated" name="tests/text-variable-anchor/translate-variants/pitched-and-rotated"/>
    <testcase classname="tests/text-variable-anchor/translate-variants/pitched" name="tests/text-variable-anchor/translate-variants/pitched"/>
    <testcase classname="tests/text-variable-anchor/translate-variants/base" name="tests/text-variable-anchor/translate-variants/base"/>
    <testcase classname="tests/text-variable-anchor/top-bottom-left-right" name="tests/text-variable-anchor/top-bottom-left-right"/>
    <testcase classname="tests/text-variable-anchor/text-translate" name="tests/text-variable-anchor/text-translate"/>
    <testcase classname="tests/text-variable-anchor/text-allow-overlap" name="tests/text-variable-anchor/text-allow-overlap"/>
    <testcase classname="tests/text-variable-anchor/single-line" name="tests/text-variable-anchor/single-line"/>
    <testcase classname="tests/text-variable-anchor/single-justification" name="tests/text-variable-anchor/single-justification"/>
    <testcase classname="tests/text-variable-anchor/rotated-with-map" name="tests/text-variable-anchor/rotated-with-map"/>
    <testcase classname="tests/text-variable-anchor/rotated-offset" name="tests/text-variable-anchor/rotated-offset"/>
    <testcase classname="tests/text-variable-anchor/rotated" name="tests/text-variable-anchor/rotated"/>
    <testcase classname="tests/text-variable-anchor/pitched-with-map" name="tests/text-variable-anchor/pitched-with-map"/>
    <testcase classname="tests/text-variable-anchor/pitched-rotated-debug" name="tests/text-variable-anchor/pitched-rotated-debug"/>
    <testcase classname="tests/text-variable-anchor/pitched-offset" name="tests/text-variable-anchor/pitched-offset"/>
    <testcase classname="tests/text-variable-anchor/pitched" name="tests/text-variable-anchor/pitched"/>
    <testcase classname="tests/text-variable-anchor/no-animate-zoom" name="tests/text-variable-anchor/no-animate-zoom"/>
    <testcase classname="tests/text-variable-anchor/icon-text-fit-collision-box" name="tests/text-variable-anchor/icon-text-fit-collision-box"/>
    <testcase classname="tests/text-variable-anchor/icon-image-all-anchors" name="tests/text-variable-anchor/icon-image-all-anchors"/>
    <testcase classname="tests/text-variable-anchor/icon-image" name="tests/text-variable-anchor/icon-image"/>
    <testcase classname="tests/text-variable-anchor/all-anchors-two-dimentional-offset-zero" name="tests/text-variable-anchor/all-anchors-two-dimentional-offset-zero"/>
    <testcase classname="tests/text-variable-anchor/all-anchors-two-dimentional-offset-negative" name="tests/text-variable-anchor/all-anchors-two-dimentional-offset-negative"/>
    <testcase classname="tests/text-variable-anchor/all-anchors-two-dimentional-offset" name="tests/text-variable-anchor/all-anchors-two-dimentional-offset"/>
    <testcase classname="tests/text-variable-anchor/all-anchors-text-allow-overlap" name="tests/text-variable-anchor/all-anchors-text-allow-overlap"/>
    <testcase classname="tests/text-variable-anchor/all-anchors-radial-offset-zero" name="tests/text-variable-anchor/all-anchors-radial-offset-zero"/>
    <testcase classname="tests/text-variable-anchor/all-anchors-offset-zero" name="tests/text-variable-anchor/all-anchors-offset-zero"/>
    <testcase classname="tests/text-variable-anchor/all-anchors-offset" name="tests/text-variable-anchor/all-anchors-offset"/>
    <testcase classname="tests/text-variable-anchor/all-anchors-icon-text-fit" name="tests/text-variable-anchor/all-anchors-icon-text-fit"/>
    <testcase classname="tests/text-variable-anchor/all-anchors" name="tests/text-variable-anchor/all-anchors"/>
    <testcase classname="tests/text-translate-anchor/viewport" name="tests/text-translate-anchor/viewport"/>
    <testcase classname="tests/text-translate-anchor/rotation-alignment-viewport/pitch-alignment-viewport/text-translate-anchor-viewport" name="tests/text-translate-anchor/rotation-alignment-viewport/pitch-alignment-viewport/text-translate-anchor-viewport"/>
    <testcase classname="tests/text-translate-anchor/rotation-alignment-viewport/pitch-alignment-viewport/text-translate-anchor-map" name="tests/text-translate-anchor/rotation-alignment-viewport/pitch-alignment-viewport/text-translate-anchor-map"/>
    <testcase classname="tests/text-translate-anchor/rotation-alignment-viewport/pitch-alignment-map/text-translate-anchor-viewport" name="tests/text-translate-anchor/rotation-alignment-viewport/pitch-alignment-map/text-translate-anchor-viewport"/>
    <testcase classname="tests/text-translate-anchor/rotation-alignment-viewport/pitch-alignment-map/text-translate-anchor-map" name="tests/text-translate-anchor/rotation-alignment-viewport/pitch-alignment-map/text-translate-anchor-map"/>
    <testcase classname="tests/text-translate-anchor/rotation-alignment-map/pitch-alignment-viewport/text-translate-anchor-viewport" name="tests/text-translate-anchor/rotation-alignment-map/pitch-alignment-viewport/text-translate-anchor-viewport"/>
    <testcase classname="tests/text-translate-anchor/rotation-alignment-map/pitch-alignment-viewport/text-translate-anchor-map" name="tests/text-translate-anchor/rotation-alignment-map/pitch-alignment-viewport/text-translate-anchor-map"/>
    <testcase classname="tests/text-translate-anchor/rotation-alignment-map/pitch-alignment-map/text-translate-anchor-viewport" name="tests/text-translate-anchor/rotation-alignment-map/pitch-alignment-map/text-translate-anchor-viewport"/>
    <testcase classname="tests/text-translate-anchor/rotation-alignment-map/pitch-alignment-map/text-translate-anchor-map" name="tests/text-translate-anchor/rotation-alignment-map/pitch-alignment-map/text-translate-anchor-map"/>
    <testcase classname="tests/text-translate-anchor/map" name="tests/text-translate-anchor/map"/>
    <testcase classname="tests/text-translate/literal" name="tests/text-translate/literal"/>
    <testcase classname="tests/text-translate/function" name="tests/text-translate/function"/>
    <testcase classname="tests/text-translate/default" name="tests/text-translate/default"/>
    <testcase classname="tests/text-transform/uppercase" name="tests/text-transform/uppercase"/>
    <testcase classname="tests/text-transform/property-function" name="tests/text-transform/property-function"/>
    <testcase classname="tests/text-transform/lowercase" name="tests/text-transform/lowercase"/>
    <testcase classname="tests/text-tile-edge-clipping/default" name="tests/text-tile-edge-clipping/default"/>
    <testcase classname="tests/text-size/property-function" name="tests/text-size/property-function"/>
    <testcase classname="tests/text-size/nan" name="tests/text-size/nan"/>
    <testcase classname="tests/text-size/literal" name="tests/text-size/literal"/>
    <testcase classname="tests/text-size/global-state" name="tests/text-size/global-state"/>
    <testcase classname="tests/text-size/function" name="tests/text-size/function"/>
    <testcase classname="tests/text-size/default" name="tests/text-size/default"/>
    <testcase classname="tests/text-size/composite-function-line-placement" name="tests/text-size/composite-function-line-placement"/>
    <testcase classname="tests/text-size/composite-function" name="tests/text-size/composite-function"/>
    <testcase classname="tests/text-size/composite-expression" name="tests/text-size/composite-expression"/>
    <testcase classname="tests/text-size/camera-function-interval" name="tests/text-size/camera-function-interval"/>
    <testcase classname="tests/text-size/camera-function-high-base" name="tests/text-size/camera-function-high-base"/>
    <testcase classname="tests/text-rotation-alignment/viewport-symbol-placement-point" name="tests/text-rotation-alignment/viewport-symbol-placement-point"/>
    <testcase classname="tests/text-rotation-alignment/viewport-symbol-placement-line" name="tests/text-rotation-alignment/viewport-symbol-placement-line"/>
    <testcase classname="tests/text-rotation-alignment/viewport-glyph-symbol-placement-point" name="tests/text-rotation-alignment/viewport-glyph-symbol-placement-point"/>
    <testcase classname="tests/text-rotation-alignment/viewport-glyph-symbol-placement-line" name="tests/text-rotation-alignment/viewport-glyph-symbol-placement-line"/>
    <testcase classname="tests/text-rotation-alignment/map-symbol-placement-point" name="tests/text-rotation-alignment/map-symbol-placement-point"/>
    <testcase classname="tests/text-rotation-alignment/map-symbol-placement-line" name="tests/text-rotation-alignment/map-symbol-placement-line"/>
    <testcase classname="tests/text-rotation-alignment/auto-symbol-placement-point" name="tests/text-rotation-alignment/auto-symbol-placement-point"/>
    <testcase classname="tests/text-rotation-alignment/auto-symbol-placement-line" name="tests/text-rotation-alignment/auto-symbol-placement-line"/>
    <testcase classname="tests/text-rotate/with-offset" name="tests/text-rotate/with-offset"/>
    <testcase classname="tests/text-rotate/property-function" name="tests/text-rotate/property-function"/>
    <testcase classname="tests/text-rotate/literal" name="tests/text-rotate/literal"/>
    <testcase classname="tests/text-rotate/function" name="tests/text-rotate/function"/>
    <testcase classname="tests/text-rotate/anchor-top" name="tests/text-rotate/anchor-top"/>
    <testcase classname="tests/text-rotate/anchor-right" name="tests/text-rotate/anchor-right"/>
    <testcase classname="tests/text-rotate/anchor-left" name="tests/text-rotate/anchor-left"/>
    <testcase classname="tests/text-rotate/anchor-bottom" name="tests/text-rotate/anchor-bottom"/>
    <testcase classname="tests/text-roll-alignment/viewport-symbol-placement-point" name="tests/text-roll-alignment/viewport-symbol-placement-point"/>
    <testcase classname="tests/text-roll-alignment/viewport-symbol-placement-line" name="tests/text-roll-alignment/viewport-symbol-placement-line"/>
    <testcase classname="tests/text-roll-alignment/viewport-glyph-symbol-placement-point" name="tests/text-roll-alignment/viewport-glyph-symbol-placement-point"/>
    <testcase classname="tests/text-roll-alignment/viewport-glyph-symbol-placement-line" name="tests/text-roll-alignment/viewport-glyph-symbol-placement-line"/>
    <testcase classname="tests/text-roll-alignment/map-symbol-placement-point" name="tests/text-roll-alignment/map-symbol-placement-point"/>
    <testcase classname="tests/text-roll-alignment/map-symbol-placement-line" name="tests/text-roll-alignment/map-symbol-placement-line"/>
    <testcase classname="tests/text-roll-alignment/auto-symbol-placement-point" name="tests/text-roll-alignment/auto-symbol-placement-point"/>
    <testcase classname="tests/text-roll-alignment/auto-symbol-placement-line" name="tests/text-roll-alignment/auto-symbol-placement-line"/>
    <testcase classname="tests/text-radial-offset/basic" name="tests/text-radial-offset/basic"/>
    <testcase classname="tests/text-pitch-scaling/line-half-roll" name="tests/text-pitch-scaling/line-half-roll"/>
    <testcase classname="tests/text-pitch-scaling/line-half" name="tests/text-pitch-scaling/line-half"/>
    <testcase classname="tests/text-pitch-alignment/viewport-text-rotation-alignment-viewport" name="tests/text-pitch-alignment/viewport-text-rotation-alignment-viewport"/>
    <testcase classname="tests/text-pitch-alignment/viewport-text-rotation-alignment-map" name="tests/text-pitch-alignment/viewport-text-rotation-alignment-map"/>
    <testcase classname="tests/text-pitch-alignment/viewport-text-depthtest" name="tests/text-pitch-alignment/viewport-text-depthtest"/>
    <testcase classname="tests/text-pitch-alignment/viewport-overzoomed-single-glyph" name="tests/text-pitch-alignment/viewport-overzoomed-single-glyph"/>
    <testcase classname="tests/text-pitch-alignment/viewport-overzoomed" name="tests/text-pitch-alignment/viewport-overzoomed"/>
    <testcase classname="tests/text-pitch-alignment/map-text-rotation-alignment-viewport-debug" name="tests/text-pitch-alignment/map-text-rotation-alignment-viewport-debug"/>
    <testcase classname="tests/text-pitch-alignment/map-text-rotation-alignment-viewport" name="tests/text-pitch-alignment/map-text-rotation-alignment-viewport"/>
    <testcase classname="tests/text-pitch-alignment/map-text-rotation-alignment-map" name="tests/text-pitch-alignment/map-text-rotation-alignment-map"/>
    <testcase classname="tests/text-pitch-alignment/map-text-depthtest" name="tests/text-pitch-alignment/map-text-depthtest"/>
    <testcase classname="tests/text-pitch-alignment/auto-text-rotation-alignment-viewport-glyph" name="tests/text-pitch-alignment/auto-text-rotation-alignment-viewport-glyph"/>
    <testcase classname="tests/text-pitch-alignment/auto-text-rotation-alignment-viewport" name="tests/text-pitch-alignment/auto-text-rotation-alignment-viewport"/>
    <testcase classname="tests/text-pitch-alignment/auto-text-rotation-alignment-map" name="tests/text-pitch-alignment/auto-text-rotation-alignment-map"/>
    <testcase classname="tests/text-overlap/never" name="tests/text-overlap/never"/>
    <testcase classname="tests/text-overlap/default" name="tests/text-overlap/default"/>
    <testcase classname="tests/text-overlap/cooperative" name="tests/text-overlap/cooperative"/>
    <testcase classname="tests/text-overlap/always" name="tests/text-overlap/always"/>
    <testcase classname="tests/text-opacity/property-function" name="tests/text-opacity/property-function"/>
    <testcase classname="tests/text-opacity/literal" name="tests/text-opacity/literal"/>
    <testcase classname="tests/text-opacity/function" name="tests/text-opacity/function"/>
    <testcase classname="tests/text-opacity/default" name="tests/text-opacity/default"/>
    <testcase classname="tests/text-offset/property-function" name="tests/text-offset/property-function"/>
    <testcase classname="tests/text-offset/literal-multiline-anchorright-justifyright-offsetpositive" name="tests/text-offset/literal-multiline-anchorright-justifyright-offsetpositive"/>
    <testcase classname="tests/text-offset/literal-multiline-anchorright-justifyright-offsetnegative" name="tests/text-offset/literal-multiline-anchorright-justifyright-offsetnegative"/>
    <testcase classname="tests/text-offset/literal-multiline-anchorright-justifyleft-offsetpositive" name="tests/text-offset/literal-multiline-anchorright-justifyleft-offsetpositive"/>
    <testcase classname="tests/text-offset/literal-multiline-anchorright-justifyleft-offsetnegative" name="tests/text-offset/literal-multiline-anchorright-justifyleft-offsetnegative"/>
    <testcase classname="tests/text-offset/literal-multiline-anchorright-justifycenter-offsetpositive" name="tests/text-offset/literal-multiline-anchorright-justifycenter-offsetpositive"/>
    <testcase classname="tests/text-offset/literal-multiline-anchorright-justifycenter-offsetnegative" name="tests/text-offset/literal-multiline-anchorright-justifycenter-offsetnegative"/>
    <testcase classname="tests/text-offset/literal-multiline-anchorleft-justifyright-offsetpositive" name="tests/text-offset/literal-multiline-anchorleft-justifyright-offsetpositive"/>
    <testcase classname="tests/text-offset/literal-multiline-anchorleft-justifyright-offsetnegative" name="tests/text-offset/literal-multiline-anchorleft-justifyright-offsetnegative"/>
    <testcase classname="tests/text-offset/literal-multiline-anchorleft-justifyleft-offsetpositive" name="tests/text-offset/literal-multiline-anchorleft-justifyleft-offsetpositive"/>
    <testcase classname="tests/text-offset/literal-multiline-anchorleft-justifyleft-offsetnegative" name="tests/text-offset/literal-multiline-anchorleft-justifyleft-offsetnegative"/>
    <testcase classname="tests/text-offset/literal-multiline-anchorleft-justifycenter-offsetpositive" name="tests/text-offset/literal-multiline-anchorleft-justifycenter-offsetpositive"/>
    <testcase classname="tests/text-offset/literal-multiline-anchorleft-justifycenter-offsetnegative" name="tests/text-offset/literal-multiline-anchorleft-justifycenter-offsetnegative"/>
    <testcase classname="tests/text-offset/literal-multiline-anchorcenter-justifyright-offsetpositive" name="tests/text-offset/literal-multiline-anchorcenter-justifyright-offsetpositive"/>
    <testcase classname="tests/text-offset/literal-multiline-anchorcenter-justifyright-offsetnegative" name="tests/text-offset/literal-multiline-anchorcenter-justifyright-offsetnegative"/>
    <testcase classname="tests/text-offset/literal-multiline-anchorcenter-justifyleft-offsetpositive" name="tests/text-offset/literal-multiline-anchorcenter-justifyleft-offsetpositive"/>
    <testcase classname="tests/text-offset/literal-multiline-anchorcenter-justifyleft-offsetnegative" name="tests/text-offset/literal-multiline-anchorcenter-justifyleft-offsetnegative"/>
    <testcase classname="tests/text-offset/literal-multiline-anchorcenter-justifycenter-offsetpositive" name="tests/text-offset/literal-multiline-anchorcenter-justifycenter-offsetpositive"/>
    <testcase classname="tests/text-offset/literal-multiline-anchorcenter-justifycenter-offsetnegative" name="tests/text-offset/literal-multiline-anchorcenter-justifycenter-offsetnegative"/>
    <testcase classname="tests/text-offset/literal" name="tests/text-offset/literal"/>
    <testcase classname="tests/text-offset/line-sharp-outside-center" name="tests/text-offset/line-sharp-outside-center"/>
    <testcase classname="tests/text-offset/line-sharp-outside" name="tests/text-offset/line-sharp-outside"/>
    <testcase classname="tests/text-offset/line-sharp-inside-center" name="tests/text-offset/line-sharp-inside-center"/>
    <testcase classname="tests/text-offset/line-sharp-inside" name="tests/text-offset/line-sharp-inside"/>
    <testcase classname="tests/text-offset/line-convex" name="tests/text-offset/line-convex"/>
    <testcase classname="tests/text-offset/line-concave" name="tests/text-offset/line-concave"/>
    <testcase classname="tests/text-offset/line-collision" name="tests/text-offset/line-collision"/>
    <testcase classname="tests/text-no-cross-source-collision/default" name="tests/text-no-cross-source-collision/default"/>
    <testcase classname="tests/text-max-width/zoom-and-property-function" name="tests/text-max-width/zoom-and-property-function"/>
    <testcase classname="tests/text-max-width/zero-width-point-placement" name="tests/text-max-width/zero-width-point-placement"/>
    <testcase classname="tests/text-max-width/zero-width-line-placement" name="tests/text-max-width/zero-width-line-placement"/>
    <testcase classname="tests/text-max-width/zero-width-line-center-placement" name="tests/text-max-width/zero-width-line-center-placement"/>
    <testcase classname="tests/text-max-width/property-function" name="tests/text-max-width/property-function"/>
    <testcase classname="tests/text-max-width/literal" name="tests/text-max-width/literal"/>
    <testcase classname="tests/text-max-width/ideographic-punctuation-breaking" name="tests/text-max-width/ideographic-punctuation-breaking"/>
    <testcase classname="tests/text-max-width/ideographic-breaking" name="tests/text-max-width/ideographic-breaking"/>
    <testcase classname="tests/text-max-width/force-newline-line-center" name="tests/text-max-width/force-newline-line-center"/>
    <testcase classname="tests/text-max-width/force-newline-line" name="tests/text-max-width/force-newline-line"/>
    <testcase classname="tests/text-max-width/force-newline" name="tests/text-max-width/force-newline"/>
    <testcase classname="tests/text-max-width/force-double-newline" name="tests/text-max-width/force-double-newline"/>
    <testcase classname="tests/text-max-angle/literal" name="tests/text-max-angle/literal"/>
    <testcase classname="tests/text-max-angle/line-center" name="tests/text-max-angle/line-center"/>
    <testcase classname="tests/text-line-height/literal" name="tests/text-line-height/literal"/>
    <testcase classname="tests/text-letter-spacing/zoom-and-property-function" name="tests/text-letter-spacing/zoom-and-property-function"/>
    <testcase classname="tests/text-letter-spacing/property-function" name="tests/text-letter-spacing/property-function"/>
    <testcase classname="tests/text-letter-spacing/literal" name="tests/text-letter-spacing/literal"/>
    <testcase classname="tests/text-letter-spacing/function-far" name="tests/text-letter-spacing/function-far"/>
    <testcase classname="tests/text-letter-spacing/function-close" name="tests/text-letter-spacing/function-close"/>
    <testcase classname="tests/text-keep-upright/point-placement-align-viewport-true" name="tests/text-keep-upright/point-placement-align-viewport-true"/>
    <testcase classname="tests/text-keep-upright/point-placement-align-viewport-false" name="tests/text-keep-upright/point-placement-align-viewport-false"/>
    <testcase classname="tests/text-keep-upright/point-placement-align-map-true" name="tests/text-keep-upright/point-placement-align-map-true"/>
    <testcase classname="tests/text-keep-upright/point-placement-align-map-false" name="tests/text-keep-upright/point-placement-align-map-false"/>
    <testcase classname="tests/text-keep-upright/line-placement-true-text-anchor" name="tests/text-keep-upright/line-placement-true-text-anchor"/>
    <testcase classname="tests/text-keep-upright/line-placement-true-rotated" name="tests/text-keep-upright/line-placement-true-rotated"/>
    <testcase classname="tests/text-keep-upright/line-placement-true-rolled" name="tests/text-keep-upright/line-placement-true-rolled"/>
    <testcase classname="tests/text-keep-upright/line-placement-true-roll-pitch-bearing" name="tests/text-keep-upright/line-placement-true-roll-pitch-bearing"/>
    <testcase classname="tests/text-keep-upright/line-placement-true-pitched" name="tests/text-keep-upright/line-placement-true-pitched"/>
    <testcase classname="tests/text-keep-upright/line-placement-true-offset" name="tests/text-keep-upright/line-placement-true-offset"/>
    <testcase classname="tests/text-keep-upright/line-placement-true" name="tests/text-keep-upright/line-placement-true"/>
    <testcase classname="tests/text-keep-upright/line-placement-false" name="tests/text-keep-upright/line-placement-false"/>
    <testcase classname="tests/text-justify/right" name="tests/text-justify/right"/>
    <testcase classname="tests/text-justify/property-function" name="tests/text-justify/property-function"/>
    <testcase classname="tests/text-justify/left" name="tests/text-justify/left"/>
    <testcase classname="tests/text-justify/auto" name="tests/text-justify/auto"/>
    <testcase classname="tests/text-halo-width/property-function" name="tests/text-halo-width/property-function"/>
    <testcase classname="tests/text-halo-width/literal" name="tests/text-halo-width/literal"/>
    <testcase classname="tests/text-halo-width/function" name="tests/text-halo-width/function"/>
    <testcase classname="tests/text-halo-width/default" name="tests/text-halo-width/default"/>
    <testcase classname="tests/text-halo-color/property-function" name="tests/text-halo-color/property-function"/>
    <testcase classname="tests/text-halo-color/literal" name="tests/text-halo-color/literal"/>
    <testcase classname="tests/text-halo-color/function" name="tests/text-halo-color/function"/>
    <testcase classname="tests/text-halo-color/default" name="tests/text-halo-color/default"/>
    <testcase classname="tests/text-halo-blur/property-function" name="tests/text-halo-blur/property-function"/>
    <testcase classname="tests/text-halo-blur/literal" name="tests/text-halo-blur/literal"/>
    <testcase classname="tests/text-halo-blur/function" name="tests/text-halo-blur/function"/>
    <testcase classname="tests/text-halo-blur/default" name="tests/text-halo-blur/default"/>
    <testcase classname="tests/text-font/literal" name="tests/text-font/literal"/>
    <testcase classname="tests/text-font/data-expression" name="tests/text-font/data-expression"/>
    <testcase classname="tests/text-font/chinese" name="tests/text-font/chinese"/>
    <testcase classname="tests/text-font/camera-function" name="tests/text-font/camera-function"/>
    <testcase classname="tests/text-font/alphabet-cjk" name="tests/text-font/alphabet-cjk"/>
    <testcase classname="tests/text-field/token" name="tests/text-field/token"/>
    <testcase classname="tests/text-field/property-function" name="tests/text-field/property-function"/>
    <testcase classname="tests/text-field/literal" name="tests/text-field/literal"/>
    <testcase classname="tests/text-field/global-state" name="tests/text-field/global-state"/>
    <testcase classname="tests/text-field/formatted-within-step-zoom" name="tests/text-field/formatted-within-step-zoom"/>
    <testcase classname="tests/text-field/formatted-vertical-align-vertical-text" name="tests/text-field/formatted-vertical-align-vertical-text"/>
    <testcase classname="tests/text-field/formatted-vertical-align-line" name="tests/text-field/formatted-vertical-align-line"/>
    <testcase classname="tests/text-field/formatted-vertical-align" name="tests/text-field/formatted-vertical-align"/>
    <testcase classname="tests/text-field/formatted-text-color-overrides-nested-expression" name="tests/text-field/formatted-text-color-overrides-nested-expression"/>
    <testcase classname="tests/text-field/formatted-text-color-overrides" name="tests/text-field/formatted-text-color-overrides"/>
    <testcase classname="tests/text-field/formatted-text-color" name="tests/text-field/formatted-text-color"/>
    <testcase classname="tests/text-field/formatted-line" name="tests/text-field/formatted-line"/>
    <testcase classname="tests/text-field/formatted-images-zoom-dependent-size" name="tests/text-field/formatted-images-zoom-dependent-size"/>
    <testcase classname="tests/text-field/formatted-images-vertical" name="tests/text-field/formatted-images-vertical"/>
    <testcase classname="tests/text-field/formatted-images-variable-anchors-justification" name="tests/text-field/formatted-images-variable-anchors-justification"/>
    <testcase classname="tests/text-field/formatted-images-multiline" name="tests/text-field/formatted-images-multiline"/>
    <testcase classname="tests/text-field/formatted-images-mixed" name="tests/text-field/formatted-images-mixed"/>
    <testcase classname="tests/text-field/formatted-images-line" name="tests/text-field/formatted-images-line"/>
    <testcase classname="tests/text-field/formatted-images-constant-size" name="tests/text-field/formatted-images-constant-size"/>
    <testcase classname="tests/text-field/formatted-images" name="tests/text-field/formatted-images"/>
    <testcase classname="tests/text-field/formatted-arabic" name="tests/text-field/formatted-arabic"/>
    <testcase classname="tests/text-field/formatted" name="tests/text-field/formatted"/>
    <testcase classname="tests/text-color/transparent" name="tests/text-color/transparent"/>
    <testcase classname="tests/text-color/translucent" name="tests/text-color/translucent"/>
    <testcase classname="tests/text-color/property-function" name="tests/text-color/property-function"/>
    <testcase classname="tests/text-color/literal" name="tests/text-color/literal"/>
    <testcase classname="tests/text-color/global-state-with-get" name="tests/text-color/global-state-with-get"/>
    <testcase classname="tests/text-color/global-state" name="tests/text-color/global-state"/>
    <testcase classname="tests/text-color/function" name="tests/text-color/function"/>
    <testcase classname="tests/text-color/default" name="tests/text-color/default"/>
    <testcase classname="tests/text-breaking/whitespace" name="tests/text-breaking/whitespace"/>
    <testcase classname="tests/text-breaking/left-parenthesis" name="tests/text-breaking/left-parenthesis"/>
    <testcase classname="tests/text-arabic/multi-paragraph" name="tests/text-arabic/multi-paragraph"/>
    <testcase classname="tests/text-arabic/mixed-numeric" name="tests/text-arabic/mixed-numeric"/>
    <testcase classname="tests/text-arabic/line-break-mixed" name="tests/text-arabic/line-break-mixed"/>
    <testcase classname="tests/text-arabic/line-break" name="tests/text-arabic/line-break"/>
    <testcase classname="tests/text-arabic/letter-spacing" name="tests/text-arabic/letter-spacing"/>
    <testcase classname="tests/text-anchor/top-right" name="tests/text-anchor/top-right"/>
    <testcase classname="tests/text-anchor/top-left" name="tests/text-anchor/top-left"/>
    <testcase classname="tests/text-anchor/top" name="tests/text-anchor/top"/>
    <testcase classname="tests/text-anchor/right" name="tests/text-anchor/right"/>
    <testcase classname="tests/text-anchor/property-function" name="tests/text-anchor/property-function"/>
    <testcase classname="tests/text-anchor/left" name="tests/text-anchor/left"/>
    <testcase classname="tests/text-anchor/center" name="tests/text-anchor/center"/>
    <testcase classname="tests/text-anchor/bottom-right" name="tests/text-anchor/bottom-right"/>
    <testcase classname="tests/text-anchor/bottom-left" name="tests/text-anchor/bottom-left"/>
    <testcase classname="tests/text-anchor/bottom" name="tests/text-anchor/bottom"/>
    <testcase classname="tests/terrain-shading/default" name="tests/terrain-shading/default"/>
    <testcase classname="tests/terrain/tile-transparency-overlap-line" name="tests/terrain/tile-transparency-overlap-line"/>
    <testcase classname="tests/terrain/tile-transparency-overlap-fill" name="tests/terrain/tile-transparency-overlap-fill"/>
    <testcase classname="tests/terrain/tile-stiching" name="tests/terrain/tile-stiching"/>
    <testcase classname="tests/terrain/symbol-line" name="tests/terrain/symbol-line"/>
    <testcase classname="tests/terrain/symbol-add-terrain" name="tests/terrain/symbol-add-terrain"/>
    <testcase classname="tests/terrain/symbol" name="tests/terrain/symbol"/>
    <testcase classname="tests/terrain/pitched-world" name="tests/terrain/pitched-world"/>
    <testcase classname="tests/terrain/image-wrap-lower-zl" name="tests/terrain/image-wrap-lower-zl"/>
    <testcase classname="tests/terrain/image-wrap-higher-zl" name="tests/terrain/image-wrap-higher-zl"/>
    <testcase classname="tests/terrain/image-wrap-eq-zl" name="tests/terrain/image-wrap-eq-zl"/>
    <testcase classname="tests/terrain/image" name="tests/terrain/image"/>
    <testcase classname="tests/terrain/heatmap" name="tests/terrain/heatmap"/>
    <testcase classname="tests/terrain/fog-sky-blend-roll" name="tests/terrain/fog-sky-blend-roll"/>
    <testcase classname="tests/terrain/fog-sky-blend-globe" name="tests/terrain/fog-sky-blend-globe"/>
    <testcase classname="tests/terrain/fog-sky-blend" name="tests/terrain/fog-sky-blend"/>
    <testcase classname="tests/terrain/fog-no-sky-blend-roll" name="tests/terrain/fog-no-sky-blend-roll"/>
    <testcase classname="tests/terrain/fog-no-sky-blend" name="tests/terrain/fog-no-sky-blend"/>
    <testcase classname="tests/terrain/fog" name="tests/terrain/fog"/>
    <testcase classname="tests/terrain/fill-extrusion-multipolygon" name="tests/terrain/fill-extrusion-multipolygon"/>
    <testcase classname="tests/terrain/fill-extrusion-multiple" name="tests/terrain/fill-extrusion-multiple"/>
    <testcase classname="tests/terrain/field-of-view-number" name="tests/terrain/field-of-view-number"/>
    <testcase classname="tests/terrain/field-of-view" name="tests/terrain/field-of-view"/>
    <testcase classname="tests/terrain/default" name="tests/terrain/default"/>
    <testcase classname="tests/symbol-z-order/viewport-y" name="tests/symbol-z-order/viewport-y"/>
    <testcase classname="tests/symbol-z-order/pitched" name="tests/symbol-z-order/pitched"/>
    <testcase classname="tests/symbol-z-order/icon-with-text" name="tests/symbol-z-order/icon-with-text"/>
    <testcase classname="tests/symbol-z-order/disabled" name="tests/symbol-z-order/disabled"/>
    <testcase classname="tests/symbol-z-order/default" name="tests/symbol-z-order/default"/>
    <testcase classname="tests/symbol-spacing/point-far" name="tests/symbol-spacing/point-far"/>
    <testcase classname="tests/symbol-spacing/point-close" name="tests/symbol-spacing/point-close"/>
    <testcase classname="tests/symbol-spacing/line-overscaled" name="tests/symbol-spacing/line-overscaled"/>
    <testcase classname="tests/symbol-spacing/line-far" name="tests/symbol-spacing/line-far"/>
    <testcase classname="tests/symbol-spacing/line-close" name="tests/symbol-spacing/line-close"/>
    <testcase classname="tests/symbol-sort-key/text-placement" name="tests/symbol-sort-key/text-placement"/>
    <testcase classname="tests/symbol-sort-key/text-expression" name="tests/symbol-sort-key/text-expression"/>
    <testcase classname="tests/symbol-sort-key/placement-tile-boundary-right-then-left" name="tests/symbol-sort-key/placement-tile-boundary-right-then-left"/>
    <testcase classname="tests/symbol-sort-key/placement-tile-boundary-left-then-right" name="tests/symbol-sort-key/placement-tile-boundary-left-then-right"/>
    <testcase classname="tests/symbol-sort-key/icon-expression" name="tests/symbol-sort-key/icon-expression"/>
    <testcase classname="tests/symbol-placement/point-polygon-high-zoom" name="tests/symbol-placement/point-polygon-high-zoom"/>
    <testcase classname="tests/symbol-placement/point-polygon" name="tests/symbol-placement/point-polygon"/>
    <testcase classname="tests/symbol-placement/point" name="tests/symbol-placement/point"/>
    <testcase classname="tests/symbol-placement/line-overscaled-debug" name="tests/symbol-placement/line-overscaled-debug"/>
    <testcase classname="tests/symbol-placement/line-overscaled" name="tests/symbol-placement/line-overscaled"/>
    <testcase classname="tests/symbol-placement/line-overlap" name="tests/symbol-placement/line-overlap"/>
    <testcase classname="tests/symbol-placement/line-center-upperright" name="tests/symbol-placement/line-center-upperright"/>
    <testcase classname="tests/symbol-placement/line-center-buffer" name="tests/symbol-placement/line-center-buffer"/>
    <testcase classname="tests/symbol-placement/line-center" name="tests/symbol-placement/line-center"/>
    <testcase classname="tests/symbol-placement/line" name="tests/symbol-placement/line"/>
    <testcase classname="tests/symbol-geometry/polygon" name="tests/symbol-geometry/polygon"/>
    <testcase classname="tests/symbol-geometry/point" name="tests/symbol-geometry/point"/>
    <testcase classname="tests/symbol-geometry/multipolygon" name="tests/symbol-geometry/multipolygon"/>
    <testcase classname="tests/symbol-geometry/multipoint" name="tests/symbol-geometry/multipoint"/>
    <testcase classname="tests/symbol-geometry/multilinestring" name="tests/symbol-geometry/multilinestring"/>
    <testcase classname="tests/symbol-geometry/linestring" name="tests/symbol-geometry/linestring"/>
    <testcase classname="tests/symbol-cross-fade/chinese-no-fading-Initial-load" name="tests/symbol-cross-fade/chinese-no-fading-Initial-load"/>
    <testcase classname="tests/symbol-cross-fade/chinese-fading-after-initial-load" name="tests/symbol-cross-fade/chinese-fading-after-initial-load"/>
    <testcase classname="tests/sprites/array-multiple" name="tests/sprites/array-multiple"/>
    <testcase classname="tests/sprites/array-default-only" name="tests/sprites/array-default-only"/>
    <testcase classname="tests/sprites/2x-screen-2x-pattern" name="tests/sprites/2x-screen-2x-pattern"/>
    <testcase classname="tests/sprites/2x-screen-2x-icon" name="tests/sprites/2x-screen-2x-icon"/>
    <testcase classname="tests/sprites/2x-screen-1x-pattern" name="tests/sprites/2x-screen-1x-pattern"/>
    <testcase classname="tests/sprites/2x-screen-1x-icon" name="tests/sprites/2x-screen-1x-icon"/>
    <testcase classname="tests/sprites/1x-screen-2x-pattern" name="tests/sprites/1x-screen-2x-pattern"/>
    <testcase classname="tests/sprites/1x-screen-2x-icon" name="tests/sprites/1x-screen-2x-icon"/>
    <testcase classname="tests/sprites/1x-screen-1x-pattern" name="tests/sprites/1x-screen-1x-pattern"/>
    <testcase classname="tests/sprites/1x-screen-1x-icon" name="tests/sprites/1x-screen-1x-icon"/>
    <testcase classname="tests/sparse-tileset/vectorbase" name="tests/sparse-tileset/vectorbase"/>
    <testcase classname="tests/sparse-tileset/rasterfallback204" name="tests/sparse-tileset/rasterfallback204"/>
    <testcase classname="tests/sparse-tileset/rasterfallback" name="tests/sparse-tileset/rasterfallback"/>
    <testcase classname="tests/sparse-tileset/rasterbase" name="tests/sparse-tileset/rasterbase"/>
    <testcase classname="tests/sparse-tileset/overdraw204" name="tests/sparse-tileset/overdraw204"/>
    <testcase classname="tests/sparse-tileset/overdraw" name="tests/sparse-tileset/overdraw"/>
    <testcase classname="tests/sky/roll90" name="tests/sky/roll90"/>
    <testcase classname="tests/sky/roll45-with-text" name="tests/sky/roll45-with-text"/>
    <testcase classname="tests/sky/roll180" name="tests/sky/roll180"/>
    <testcase classname="tests/sky/roll10" name="tests/sky/roll10"/>
    <testcase classname="tests/sky/basic" name="tests/sky/basic"/>
    <testcase classname="tests/satellite-v9/z0" name="tests/satellite-v9/z0"/>
    <testcase classname="tests/runtime-styling/visibility-visible-to-none" name="tests/runtime-styling/visibility-visible-to-none"/>
    <testcase classname="tests/runtime-styling/visibility-visible-to-default" name="tests/runtime-styling/visibility-visible-to-default"/>
    <testcase classname="tests/runtime-styling/visibility-none-to-visible" name="tests/runtime-styling/visibility-none-to-visible"/>
    <testcase classname="tests/runtime-styling/visibility-none-to-default" name="tests/runtime-styling/visibility-none-to-default"/>
    <testcase classname="tests/runtime-styling/visibility-default-to-visible" name="tests/runtime-styling/visibility-default-to-visible"/>
    <testcase classname="tests/runtime-styling/visibility-default-to-none" name="tests/runtime-styling/visibility-default-to-none"/>
    <testcase classname="tests/runtime-styling/source-add-vector-url" name="tests/runtime-styling/source-add-vector-url"/>
    <testcase classname="tests/runtime-styling/source-add-vector-inline" name="tests/runtime-styling/source-add-vector-inline"/>
    <testcase classname="tests/runtime-styling/source-add-raster-url" name="tests/runtime-styling/source-add-raster-url"/>
    <testcase classname="tests/runtime-styling/source-add-raster-inline" name="tests/runtime-styling/source-add-raster-inline"/>
    <testcase classname="tests/runtime-styling/source-add-geojson-url" name="tests/runtime-styling/source-add-geojson-url"/>
    <testcase classname="tests/runtime-styling/source-add-geojson-inline" name="tests/runtime-styling/source-add-geojson-inline"/>
    <testcase classname="tests/runtime-styling/set-style-visibility-visible-to-none" name="tests/runtime-styling/set-style-visibility-visible-to-none"/>
    <testcase classname="tests/runtime-styling/set-style-visibility-visible-to-default" name="tests/runtime-styling/set-style-visibility-visible-to-default"/>
    <testcase classname="tests/runtime-styling/set-style-visibility-none-to-visible" name="tests/runtime-styling/set-style-visibility-none-to-visible"/>
    <testcase classname="tests/runtime-styling/set-style-visibility-none-to-default" name="tests/runtime-styling/set-style-visibility-none-to-default"/>
    <testcase classname="tests/runtime-styling/set-style-visibility-default-to-visible" name="tests/runtime-styling/set-style-visibility-default-to-visible"/>
    <testcase classname="tests/runtime-styling/set-style-visibility-default-to-none" name="tests/runtime-styling/set-style-visibility-default-to-none"/>
    <testcase classname="tests/runtime-styling/set-style-sprite" name="tests/runtime-styling/set-style-sprite"/>
    <testcase classname="tests/runtime-styling/set-style-source-update" name="tests/runtime-styling/set-style-source-update"/>
    <testcase classname="tests/runtime-styling/set-style-source-add-vector-url" name="tests/runtime-styling/set-style-source-add-vector-url"/>
    <testcase classname="tests/runtime-styling/set-style-source-add-vector-inline" name="tests/runtime-styling/set-style-source-add-vector-inline"/>
    <testcase classname="tests/runtime-styling/set-style-source-add-raster-url" name="tests/runtime-styling/set-style-source-add-raster-url"/>
    <testcase classname="tests/runtime-styling/set-style-source-add-raster-inline" name="tests/runtime-styling/set-style-source-add-raster-inline"/>
    <testcase classname="tests/runtime-styling/set-style-source-add-geojson-url" name="tests/runtime-styling/set-style-source-add-geojson-url"/>
    <testcase classname="tests/runtime-styling/set-style-source-add-geojson-inline" name="tests/runtime-styling/set-style-source-add-geojson-inline"/>
    <testcase classname="tests/runtime-styling/set-style-paint-property-zoom-function-to-literal" name="tests/runtime-styling/set-style-paint-property-zoom-function-to-literal"/>
    <testcase classname="tests/runtime-styling/set-style-paint-property-zoom-function-to-default" name="tests/runtime-styling/set-style-paint-property-zoom-function-to-default"/>
    <testcase classname="tests/runtime-styling/set-style-paint-property-zoom-expression-to-literal" name="tests/runtime-styling/set-style-paint-property-zoom-expression-to-literal"/>
    <testcase classname="tests/runtime-styling/set-style-paint-property-zoom-expression-to-default" name="tests/runtime-styling/set-style-paint-property-zoom-expression-to-default"/>
    <testcase classname="tests/runtime-styling/set-style-paint-property-property-function-to-literal" name="tests/runtime-styling/set-style-paint-property-property-function-to-literal"/>
    <testcase classname="tests/runtime-styling/set-style-paint-property-property-function-to-default" name="tests/runtime-styling/set-style-paint-property-property-function-to-default"/>
    <testcase classname="tests/runtime-styling/set-style-paint-property-property-expression-to-literal" name="tests/runtime-styling/set-style-paint-property-property-expression-to-literal"/>
    <testcase classname="tests/runtime-styling/set-style-paint-property-property-expression-to-default" name="tests/runtime-styling/set-style-paint-property-property-expression-to-default"/>
    <testcase classname="tests/runtime-styling/set-style-paint-property-literal-to-property-function" name="tests/runtime-styling/set-style-paint-property-literal-to-property-function"/>
    <testcase classname="tests/runtime-styling/set-style-paint-property-literal-to-property-expression" name="tests/runtime-styling/set-style-paint-property-literal-to-property-expression"/>
    <testcase classname="tests/runtime-styling/set-style-paint-property-literal-to-function" name="tests/runtime-styling/set-style-paint-property-literal-to-function"/>
    <testcase classname="tests/runtime-styling/set-style-paint-property-literal-to-expression" name="tests/runtime-styling/set-style-paint-property-literal-to-expression"/>
    <testcase classname="tests/runtime-styling/set-style-paint-property-literal-to-default" name="tests/runtime-styling/set-style-paint-property-literal-to-default"/>
    <testcase classname="tests/runtime-styling/set-style-paint-property-fill-flat-to-extrude" name="tests/runtime-styling/set-style-paint-property-fill-flat-to-extrude"/>
    <testcase classname="tests/runtime-styling/set-style-paint-property-default-to-zoom-function" name="tests/runtime-styling/set-style-paint-property-default-to-zoom-function"/>
    <testcase classname="tests/runtime-styling/set-style-paint-property-default-to-zoom-expression" name="tests/runtime-styling/set-style-paint-property-default-to-zoom-expression"/>
    <testcase classname="tests/runtime-styling/set-style-paint-property-default-to-property-function" name="tests/runtime-styling/set-style-paint-property-default-to-property-function"/>
    <testcase classname="tests/runtime-styling/set-style-paint-property-default-to-property-expression" name="tests/runtime-styling/set-style-paint-property-default-to-property-expression"/>
    <testcase classname="tests/runtime-styling/set-style-paint-property-default-to-literal" name="tests/runtime-styling/set-style-paint-property-default-to-literal"/>
    <testcase classname="tests/runtime-styling/set-style-layout-property-zoom-function-to-literal" name="tests/runtime-styling/set-style-layout-property-zoom-function-to-literal"/>
    <testcase classname="tests/runtime-styling/set-style-layout-property-zoom-function-to-default" name="tests/runtime-styling/set-style-layout-property-zoom-function-to-default"/>
    <testcase classname="tests/runtime-styling/set-style-layout-property-zoom-expression-to-literal" name="tests/runtime-styling/set-style-layout-property-zoom-expression-to-literal"/>
    <testcase classname="tests/runtime-styling/set-style-layout-property-zoom-expression-to-default" name="tests/runtime-styling/set-style-layout-property-zoom-expression-to-default"/>
    <testcase classname="tests/runtime-styling/set-style-layout-property-property-function-to-literal" name="tests/runtime-styling/set-style-layout-property-property-function-to-literal"/>
    <testcase classname="tests/runtime-styling/set-style-layout-property-property-function-to-default" name="tests/runtime-styling/set-style-layout-property-property-function-to-default"/>
    <testcase classname="tests/runtime-styling/set-style-layout-property-property-expression-to-literal" name="tests/runtime-styling/set-style-layout-property-property-expression-to-literal"/>
    <testcase classname="tests/runtime-styling/set-style-layout-property-property-expression-to-default" name="tests/runtime-styling/set-style-layout-property-property-expression-to-default"/>
    <testcase classname="tests/runtime-styling/set-style-layout-property-literal-to-zoom-function" name="tests/runtime-styling/set-style-layout-property-literal-to-zoom-function"/>
    <testcase classname="tests/runtime-styling/set-style-layout-property-literal-to-zoom-expression" name="tests/runtime-styling/set-style-layout-property-literal-to-zoom-expression"/>
    <testcase classname="tests/runtime-styling/set-style-layout-property-literal-to-property-function" name="tests/runtime-styling/set-style-layout-property-literal-to-property-function"/>
    <testcase classname="tests/runtime-styling/set-style-layout-property-literal-to-property-expression" name="tests/runtime-styling/set-style-layout-property-literal-to-property-expression"/>
    <testcase classname="tests/runtime-styling/set-style-layout-property-literal-to-default" name="tests/runtime-styling/set-style-layout-property-literal-to-default"/>
    <testcase classname="tests/runtime-styling/set-style-layout-property-default-to-zoom-function" name="tests/runtime-styling/set-style-layout-property-default-to-zoom-function"/>
    <testcase classname="tests/runtime-styling/set-style-layout-property-default-to-zoom-expression" name="tests/runtime-styling/set-style-layout-property-default-to-zoom-expression"/>
    <testcase classname="tests/runtime-styling/set-style-layout-property-default-to-property-function" name="tests/runtime-styling/set-style-layout-property-default-to-property-function"/>
    <testcase classname="tests/runtime-styling/set-style-layout-property-default-to-property-expression" name="tests/runtime-styling/set-style-layout-property-default-to-property-expression"/>
    <testcase classname="tests/runtime-styling/set-style-layout-property-default-to-literal" name="tests/runtime-styling/set-style-layout-property-default-to-literal"/>
    <testcase classname="tests/runtime-styling/set-style-layer-reorder" name="tests/runtime-styling/set-style-layer-reorder"/>
    <testcase classname="tests/runtime-styling/set-style-layer-remove-symbol" name="tests/runtime-styling/set-style-layer-remove-symbol"/>
    <testcase classname="tests/runtime-styling/set-style-layer-remove-raster" name="tests/runtime-styling/set-style-layer-remove-raster"/>
    <testcase classname="tests/runtime-styling/set-style-layer-remove-line" name="tests/runtime-styling/set-style-layer-remove-line"/>
    <testcase classname="tests/runtime-styling/set-style-layer-remove-fill" name="tests/runtime-styling/set-style-layer-remove-fill"/>
    <testcase classname="tests/runtime-styling/set-style-layer-remove-circle" name="tests/runtime-styling/set-style-layer-remove-circle"/>
    <testcase classname="tests/runtime-styling/set-style-layer-remove-background" name="tests/runtime-styling/set-style-layer-remove-background"/>
    <testcase classname="tests/runtime-styling/set-style-layer-change-source-type" name="tests/runtime-styling/set-style-layer-change-source-type"/>
    <testcase classname="tests/runtime-styling/set-style-layer-change-source-layer" name="tests/runtime-styling/set-style-layer-change-source-layer"/>
    <testcase classname="tests/runtime-styling/set-style-layer-change-source" name="tests/runtime-styling/set-style-layer-change-source"/>
    <testcase classname="tests/runtime-styling/set-style-layer-add-symbol" name="tests/runtime-styling/set-style-layer-add-symbol"/>
    <testcase classname="tests/runtime-styling/set-style-layer-add-raster" name="tests/runtime-styling/set-style-layer-add-raster"/>
    <testcase classname="tests/runtime-styling/set-style-layer-add-line" name="tests/runtime-styling/set-style-layer-add-line"/>
    <testcase classname="tests/runtime-styling/set-style-layer-add-fill" name="tests/runtime-styling/set-style-layer-add-fill"/>
    <testcase classname="tests/runtime-styling/set-style-layer-add-circle" name="tests/runtime-styling/set-style-layer-add-circle"/>
    <testcase classname="tests/runtime-styling/set-style-layer-add-background" name="tests/runtime-styling/set-style-layer-add-background"/>
    <testcase classname="tests/runtime-styling/set-style-glyphs" name="tests/runtime-styling/set-style-glyphs"/>
    <testcase classname="tests/runtime-styling/set-style-filter-true-to-false" name="tests/runtime-styling/set-style-filter-true-to-false"/>
    <testcase classname="tests/runtime-styling/set-style-filter-true-to-default" name="tests/runtime-styling/set-style-filter-true-to-default"/>
    <testcase classname="tests/runtime-styling/set-style-filter-false-to-true" name="tests/runtime-styling/set-style-filter-false-to-true"/>
    <testcase classname="tests/runtime-styling/set-style-filter-false-to-default" name="tests/runtime-styling/set-style-filter-false-to-default"/>
    <testcase classname="tests/runtime-styling/set-style-filter-default-to-true" name="tests/runtime-styling/set-style-filter-default-to-true"/>
    <testcase classname="tests/runtime-styling/set-style-filter-default-to-false" name="tests/runtime-styling/set-style-filter-default-to-false"/>
    <testcase classname="tests/runtime-styling/pattern-add-remove-add" name="tests/runtime-styling/pattern-add-remove-add"/>
    <testcase classname="tests/runtime-styling/paint-property-zoom-function-to-literal" name="tests/runtime-styling/paint-property-zoom-function-to-literal"/>
    <testcase classname="tests/runtime-styling/paint-property-zoom-function-to-default" name="tests/runtime-styling/paint-property-zoom-function-to-default"/>
    <testcase classname="tests/runtime-styling/paint-property-zoom-expression-to-zoom-expression" name="tests/runtime-styling/paint-property-zoom-expression-to-zoom-expression"/>
    <testcase classname="tests/runtime-styling/paint-property-zoom-expression-to-zoom-and-property-expression" name="tests/runtime-styling/paint-property-zoom-expression-to-zoom-and-property-expression"/>
    <testcase classname="tests/runtime-styling/paint-property-zoom-expression-to-property-expression" name="tests/runtime-styling/paint-property-zoom-expression-to-property-expression"/>
    <testcase classname="tests/runtime-styling/paint-property-zoom-expression-to-literal" name="tests/runtime-styling/paint-property-zoom-expression-to-literal"/>
    <testcase classname="tests/runtime-styling/paint-property-zoom-expression-to-default" name="tests/runtime-styling/paint-property-zoom-expression-to-default"/>
    <testcase classname="tests/runtime-styling/paint-property-zoom-and-property-expression-to-zoom-expression" name="tests/runtime-styling/paint-property-zoom-and-property-expression-to-zoom-expression"/>
    <testcase classname="tests/runtime-styling/paint-property-zoom-and-property-expression-to-zoom-and-property-expression" name="tests/runtime-styling/paint-property-zoom-and-property-expression-to-zoom-and-property-expression"/>
    <testcase classname="tests/runtime-styling/paint-property-zoom-and-property-expression-to-property-expression" name="tests/runtime-styling/paint-property-zoom-and-property-expression-to-property-expression"/>
    <testcase classname="tests/runtime-styling/paint-property-property-function-to-literal" name="tests/runtime-styling/paint-property-property-function-to-literal"/>
    <testcase classname="tests/runtime-styling/paint-property-property-function-to-default" name="tests/runtime-styling/paint-property-property-function-to-default"/>
    <testcase classname="tests/runtime-styling/paint-property-property-expression-to-zoom-expression" name="tests/runtime-styling/paint-property-property-expression-to-zoom-expression"/>
    <testcase classname="tests/runtime-styling/paint-property-property-expression-to-property-expression" name="tests/runtime-styling/paint-property-property-expression-to-property-expression"/>
    <testcase classname="tests/runtime-styling/paint-property-property-expression-to-literal" name="tests/runtime-styling/paint-property-property-expression-to-literal"/>
    <testcase classname="tests/runtime-styling/paint-property-property-expression-to-default" name="tests/runtime-styling/paint-property-property-expression-to-default"/>
    <testcase classname="tests/runtime-styling/paint-property-overriden-expression-to-literal" name="tests/runtime-styling/paint-property-overriden-expression-to-literal"/>
    <testcase classname="tests/runtime-styling/paint-property-overriden-default-to-literal" name="tests/runtime-styling/paint-property-overriden-default-to-literal"/>
    <testcase classname="tests/runtime-styling/paint-property-overriden-default-to-expression" name="tests/runtime-styling/paint-property-overriden-default-to-expression"/>
    <testcase classname="tests/runtime-styling/paint-property-literal-to-property-function" name="tests/runtime-styling/paint-property-literal-to-property-function"/>
    <testcase classname="tests/runtime-styling/paint-property-literal-to-property-expression" name="tests/runtime-styling/paint-property-literal-to-property-expression"/>
    <testcase classname="tests/runtime-styling/paint-property-literal-to-function" name="tests/runtime-styling/paint-property-literal-to-function"/>
    <testcase classname="tests/runtime-styling/paint-property-literal-to-expression" name="tests/runtime-styling/paint-property-literal-to-expression"/>
    <testcase classname="tests/runtime-styling/paint-property-literal-to-default" name="tests/runtime-styling/paint-property-literal-to-default"/>
    <testcase classname="tests/runtime-styling/paint-property-fill-flat-to-extrude" name="tests/runtime-styling/paint-property-fill-flat-to-extrude"/>
    <testcase classname="tests/runtime-styling/paint-property-default-to-zoom-function" name="tests/runtime-styling/paint-property-default-to-zoom-function"/>
    <testcase classname="tests/runtime-styling/paint-property-default-to-zoom-expression" name="tests/runtime-styling/paint-property-default-to-zoom-expression"/>
    <testcase classname="tests/runtime-styling/paint-property-default-to-property-function" name="tests/runtime-styling/paint-property-default-to-property-function"/>
    <testcase classname="tests/runtime-styling/paint-property-default-to-property-expression" name="tests/runtime-styling/paint-property-default-to-property-expression"/>
    <testcase classname="tests/runtime-styling/paint-property-default-to-literal" name="tests/runtime-styling/paint-property-default-to-literal"/>
    <testcase classname="tests/runtime-styling/layout-property-zoom-function-to-literal" name="tests/runtime-styling/layout-property-zoom-function-to-literal"/>
    <testcase classname="tests/runtime-styling/layout-property-zoom-function-to-default" name="tests/runtime-styling/layout-property-zoom-function-to-default"/>
    <testcase classname="tests/runtime-styling/layout-property-zoom-expression-to-zoom-expression" name="tests/runtime-styling/layout-property-zoom-expression-to-zoom-expression"/>
    <testcase classname="tests/runtime-styling/layout-property-zoom-expression-to-zoom-and-property-expression" name="tests/runtime-styling/layout-property-zoom-expression-to-zoom-and-property-expression"/>
    <testcase classname="tests/runtime-styling/layout-property-zoom-expression-to-property-expression" name="tests/runtime-styling/layout-property-zoom-expression-to-property-expression"/>
    <testcase classname="tests/runtime-styling/layout-property-zoom-expression-to-literal" name="tests/runtime-styling/layout-property-zoom-expression-to-literal"/>
    <testcase classname="tests/runtime-styling/layout-property-zoom-expression-to-default" name="tests/runtime-styling/layout-property-zoom-expression-to-default"/>
    <testcase classname="tests/runtime-styling/layout-property-zoom-and-property-expression-to-zoom-expression" name="tests/runtime-styling/layout-property-zoom-and-property-expression-to-zoom-expression"/>
    <testcase classname="tests/runtime-styling/layout-property-zoom-and-property-expression-to-zoom-and-property-expression" name="tests/runtime-styling/layout-property-zoom-and-property-expression-to-zoom-and-property-expression"/>
    <testcase classname="tests/runtime-styling/layout-property-zoom-and-property-expression-to-property-expression" name="tests/runtime-styling/layout-property-zoom-and-property-expression-to-property-expression"/>
    <testcase classname="tests/runtime-styling/layout-property-text-variable-anchor" name="tests/runtime-styling/layout-property-text-variable-anchor"/>
    <testcase classname="tests/runtime-styling/layout-property-property-function-to-literal" name="tests/runtime-styling/layout-property-property-function-to-literal"/>
    <testcase classname="tests/runtime-styling/layout-property-property-function-to-default" name="tests/runtime-styling/layout-property-property-function-to-default"/>
    <testcase classname="tests/runtime-styling/layout-property-property-expression-to-zoom-expression" name="tests/runtime-styling/layout-property-property-expression-to-zoom-expression"/>
    <testcase classname="tests/runtime-styling/layout-property-property-expression-to-property-expression" name="tests/runtime-styling/layout-property-property-expression-to-property-expression"/>
    <testcase classname="tests/runtime-styling/layout-property-property-expression-to-literal" name="tests/runtime-styling/layout-property-property-expression-to-literal"/>
    <testcase classname="tests/runtime-styling/layout-property-property-expression-to-default" name="tests/runtime-styling/layout-property-property-expression-to-default"/>
    <testcase classname="tests/runtime-styling/layout-property-override-paint-property-literal" name="tests/runtime-styling/layout-property-override-paint-property-literal"/>
    <testcase classname="tests/runtime-styling/layout-property-override-paint-property-expression" name="tests/runtime-styling/layout-property-override-paint-property-expression"/>
    <testcase classname="tests/runtime-styling/layout-property-literal-to-zoom-function" name="tests/runtime-styling/layout-property-literal-to-zoom-function"/>
    <testcase classname="tests/runtime-styling/layout-property-literal-to-zoom-expression" name="tests/runtime-styling/layout-property-literal-to-zoom-expression"/>
    <testcase classname="tests/runtime-styling/layout-property-literal-to-property-function" name="tests/runtime-styling/layout-property-literal-to-property-function"/>
    <testcase classname="tests/runtime-styling/layout-property-literal-to-property-expression" name="tests/runtime-styling/layout-property-literal-to-property-expression"/>
    <testcase classname="tests/runtime-styling/layout-property-literal-to-default" name="tests/runtime-styling/layout-property-literal-to-default"/>
    <testcase classname="tests/runtime-styling/layout-property-default-to-zoom-function" name="tests/runtime-styling/layout-property-default-to-zoom-function"/>
    <testcase classname="tests/runtime-styling/layout-property-default-to-zoom-expression" name="tests/runtime-styling/layout-property-default-to-zoom-expression"/>
    <testcase classname="tests/runtime-styling/layout-property-default-to-property-function" name="tests/runtime-styling/layout-property-default-to-property-function"/>
    <testcase classname="tests/runtime-styling/layout-property-default-to-property-expression" name="tests/runtime-styling/layout-property-default-to-property-expression"/>
    <testcase classname="tests/runtime-styling/layout-property-default-to-literal" name="tests/runtime-styling/layout-property-default-to-literal"/>
    <testcase classname="tests/runtime-styling/layer-remove-symbol" name="tests/runtime-styling/layer-remove-symbol"/>
    <testcase classname="tests/runtime-styling/layer-remove-raster" name="tests/runtime-styling/layer-remove-raster"/>
    <testcase classname="tests/runtime-styling/layer-remove-line" name="tests/runtime-styling/layer-remove-line"/>
    <testcase classname="tests/runtime-styling/layer-remove-fill" name="tests/runtime-styling/layer-remove-fill"/>
    <testcase classname="tests/runtime-styling/layer-remove-circle" name="tests/runtime-styling/layer-remove-circle"/>
    <testcase classname="tests/runtime-styling/layer-remove-background" name="tests/runtime-styling/layer-remove-background"/>
    <testcase classname="tests/runtime-styling/layer-add-symbol" name="tests/runtime-styling/layer-add-symbol"/>
    <testcase classname="tests/runtime-styling/layer-add-raster" name="tests/runtime-styling/layer-add-raster"/>
    <testcase classname="tests/runtime-styling/layer-add-line" name="tests/runtime-styling/layer-add-line"/>
    <testcase classname="tests/runtime-styling/layer-add-fill" name="tests/runtime-styling/layer-add-fill"/>
    <testcase classname="tests/runtime-styling/layer-add-circle" name="tests/runtime-styling/layer-add-circle"/>
    <testcase classname="tests/runtime-styling/layer-add-background" name="tests/runtime-styling/layer-add-background"/>
    <testcase classname="tests/runtime-styling/image-remove" name="tests/runtime-styling/image-remove"/>
    <testcase classname="tests/runtime-styling/image-add-sdf" name="tests/runtime-styling/image-add-sdf"/>
    <testcase classname="tests/runtime-styling/image-add-remove-add" name="tests/runtime-styling/image-add-remove-add"/>
    <testcase classname="tests/runtime-styling/image-add-pattern" name="tests/runtime-styling/image-add-pattern"/>
    <testcase classname="tests/runtime-styling/image-add-nonsdf" name="tests/runtime-styling/image-add-nonsdf"/>
    <testcase classname="tests/runtime-styling/image-add-coalesce" name="tests/runtime-styling/image-add-coalesce"/>
    <testcase classname="tests/runtime-styling/image-add-alpha" name="tests/runtime-styling/image-add-alpha"/>
    <testcase classname="tests/runtime-styling/image-add-2x-image-2x-screen" name="tests/runtime-styling/image-add-2x-image-2x-screen"/>
    <testcase classname="tests/runtime-styling/image-add-2x-image-1x-screen" name="tests/runtime-styling/image-add-2x-image-1x-screen"/>
    <testcase classname="tests/runtime-styling/image-add-1x-image-2x-screen" name="tests/runtime-styling/image-add-1x-image-2x-screen"/>
    <testcase classname="tests/runtime-styling/image-add-1x-image-1x-screen" name="tests/runtime-styling/image-add-1x-image-1x-screen"/>
    <testcase classname="tests/runtime-styling/image-add-1.5x-image-2x-screen" name="tests/runtime-styling/image-add-1.5x-image-2x-screen"/>
    <testcase classname="tests/runtime-styling/image-add-1.5x-image-1x-screen" name="tests/runtime-styling/image-add-1.5x-image-1x-screen"/>
    <testcase classname="tests/runtime-styling/filter-true-to-false" name="tests/runtime-styling/filter-true-to-false"/>
    <testcase classname="tests/runtime-styling/filter-true-to-default" name="tests/runtime-styling/filter-true-to-default"/>
    <testcase classname="tests/runtime-styling/filter-false-to-true" name="tests/runtime-styling/filter-false-to-true"/>
    <testcase classname="tests/runtime-styling/filter-false-to-default" name="tests/runtime-styling/filter-false-to-default"/>
    <testcase classname="tests/runtime-styling/filter-default-to-true" name="tests/runtime-styling/filter-default-to-true"/>
    <testcase classname="tests/runtime-styling/filter-default-to-false" name="tests/runtime-styling/filter-default-to-false"/>
    <testcase classname="tests/retina-raster/default" name="tests/retina-raster/default"/>
    <testcase classname="tests/resampling/raster/literal" name="tests/resampling/raster/literal"/>
    <testcase classname="tests/resampling/raster/function" name="tests/resampling/raster/function"/>
    <testcase classname="tests/resampling/raster/default" name="tests/resampling/raster/default"/>
    <testcase classname="tests/resampling/hillshade/literal" name="tests/resampling/hillshade/literal"/>
    <testcase classname="tests/resampling/hillshade/function" name="tests/resampling/hillshade/function"/>
    <testcase classname="tests/resampling/hillshade/default" name="tests/resampling/hillshade/default"/>
    <testcase classname="tests/resampling/color-relief/literal" name="tests/resampling/color-relief/literal"/>
    <testcase classname="tests/resampling/color-relief/function" name="tests/resampling/color-relief/function"/>
    <testcase classname="tests/resampling/color-relief/default" name="tests/resampling/color-relief/default"/>
    <testcase classname="tests/remove-feature-state/vector-source" name="tests/remove-feature-state/vector-source"/>
    <testcase classname="tests/remove-feature-state/data-expression" name="tests/remove-feature-state/data-expression"/>
    <testcase classname="tests/remove-feature-state/composite-expression" name="tests/remove-feature-state/composite-expression"/>
    <testcase classname="tests/regressions/mapbox-gl-shaders#37" name="tests/regressions/mapbox-gl-shaders#37"/>
    <testcase classname="tests/regressions/mapbox-gl-native#9979" name="tests/regressions/mapbox-gl-native#9979"/>
    <testcase classname="tests/regressions/mapbox-gl-native#9976" name="tests/regressions/mapbox-gl-native#9976"/>
    <testcase classname="tests/regressions/mapbox-gl-native#9900" name="tests/regressions/mapbox-gl-native#9900"/>
    <testcase classname="tests/regressions/mapbox-gl-native#9792" name="tests/regressions/mapbox-gl-native#9792"/>
    <testcase classname="tests/regressions/mapbox-gl-native#9557" name="tests/regressions/mapbox-gl-native#9557"/>
    <testcase classname="tests/regressions/mapbox-gl-native#9406" name="tests/regressions/mapbox-gl-native#9406"/>
    <testcase classname="tests/regressions/mapbox-gl-native#8952" name="tests/regressions/mapbox-gl-native#8952"/>
    <testcase classname="tests/regressions/mapbox-gl-native#8871" name="tests/regressions/mapbox-gl-native#8871"/>
    <testcase classname="tests/regressions/mapbox-gl-native#8505" name="tests/regressions/mapbox-gl-native#8505"/>
    <testcase classname="tests/regressions/mapbox-gl-native#8460" name="tests/regressions/mapbox-gl-native#8460"/>
    <testcase classname="tests/regressions/mapbox-gl-native#8303" name="tests/regressions/mapbox-gl-native#8303"/>
    <testcase classname="tests/regressions/mapbox-gl-native#8078" name="tests/regressions/mapbox-gl-native#8078"/>
    <testcase classname="tests/regressions/mapbox-gl-native#7792" name="tests/regressions/mapbox-gl-native#7792"/>
    <testcase classname="tests/regressions/mapbox-gl-native#7714" name="tests/regressions/mapbox-gl-native#7714"/>
    <testcase classname="tests/regressions/mapbox-gl-native#7572" name="tests/regressions/mapbox-gl-native#7572"/>
    <testcase classname="tests/regressions/mapbox-gl-native#7357" name="tests/regressions/mapbox-gl-native#7357"/>
    <testcase classname="tests/regressions/mapbox-gl-native#7241" name="tests/regressions/mapbox-gl-native#7241"/>
    <testcase classname="tests/regressions/mapbox-gl-native#6903" name="tests/regressions/mapbox-gl-native#6903"/>
    <testcase classname="tests/regressions/mapbox-gl-native#6820" name="tests/regressions/mapbox-gl-native#6820"/>
    <testcase classname="tests/regressions/mapbox-gl-native#6233" name="tests/regressions/mapbox-gl-native#6233"/>
    <testcase classname="tests/regressions/mapbox-gl-native#6063" name="tests/regressions/mapbox-gl-native#6063"/>
    <testcase classname="tests/regressions/mapbox-gl-native#5754" name="tests/regressions/mapbox-gl-native#5754"/>
    <testcase classname="tests/regressions/mapbox-gl-native#5701" name="tests/regressions/mapbox-gl-native#5701"/>
    <testcase classname="tests/regressions/mapbox-gl-native#5648" name="tests/regressions/mapbox-gl-native#5648"/>
    <testcase classname="tests/regressions/mapbox-gl-native#3292" name="tests/regressions/mapbox-gl-native#3292"/>
    <testcase classname="tests/regressions/mapbox-gl-native#15139" name="tests/regressions/mapbox-gl-native#15139"/>
    <testcase classname="tests/regressions/mapbox-gl-native#14402" name="tests/regressions/mapbox-gl-native#14402"/>
    <testcase classname="tests/regressions/mapbox-gl-native#12812" name="tests/regressions/mapbox-gl-native#12812"/>
    <testcase classname="tests/regressions/mapbox-gl-native#11729" name="tests/regressions/mapbox-gl-native#11729"/>
    <testcase classname="tests/regressions/mapbox-gl-native#11451" name="tests/regressions/mapbox-gl-native#11451"/>
    <testcase classname="tests/regressions/mapbox-gl-native#10849" name="tests/regressions/mapbox-gl-native#10849"/>
    <testcase classname="tests/regressions/mapbox-gl-js#9518" name="tests/regressions/mapbox-gl-js#9518"/>
    <testcase classname="tests/regressions/mapbox-gl-js#9009" name="tests/regressions/mapbox-gl-js#9009"/>
    <testcase classname="tests/regressions/mapbox-gl-js#8817" name="tests/regressions/mapbox-gl-js#8817"/>
    <testcase classname="tests/regressions/mapbox-gl-js#8273" name="tests/regressions/mapbox-gl-js#8273"/>
    <testcase classname="tests/regressions/mapbox-gl-js#8026" name="tests/regressions/mapbox-gl-js#8026"/>
    <testcase classname="tests/regressions/mapbox-gl-js#7708" name="tests/regressions/mapbox-gl-js#7708"/>
    <testcase classname="tests/regressions/mapbox-gl-js#7302" name="tests/regressions/mapbox-gl-js#7302"/>
    <testcase classname="tests/regressions/mapbox-gl-js#7271" name="tests/regressions/mapbox-gl-js#7271"/>
    <testcase classname="tests/regressions/mapbox-gl-js#7172" name="tests/regressions/mapbox-gl-js#7172"/>
    <testcase classname="tests/regressions/mapbox-gl-js#7066" name="tests/regressions/mapbox-gl-js#7066"/>
    <testcase classname="tests/regressions/mapbox-gl-js#7032" name="tests/regressions/mapbox-gl-js#7032"/>
    <testcase classname="tests/regressions/mapbox-gl-js#6919" name="tests/regressions/mapbox-gl-js#6919"/>
    <testcase classname="tests/regressions/mapbox-gl-js#6806" name="tests/regressions/mapbox-gl-js#6806"/>
    <testcase classname="tests/regressions/mapbox-gl-js#6706" name="tests/regressions/mapbox-gl-js#6706"/>
    <testcase classname="tests/regressions/mapbox-gl-js#6660" name="tests/regressions/mapbox-gl-js#6660"/>
    <testcase classname="tests/regressions/mapbox-gl-js#6655" name="tests/regressions/mapbox-gl-js#6655"/>
    <testcase classname="tests/regressions/mapbox-gl-js#6649" name="tests/regressions/mapbox-gl-js#6649"/>
    <testcase classname="tests/regressions/mapbox-gl-js#6548" name="tests/regressions/mapbox-gl-js#6548"/>
    <testcase classname="tests/regressions/mapbox-gl-js#6238" name="tests/regressions/mapbox-gl-js#6238"/>
    <testcase classname="tests/regressions/mapbox-gl-js#6160" name="tests/regressions/mapbox-gl-js#6160"/>
    <testcase classname="tests/regressions/mapbox-gl-js#5982" name="tests/regressions/mapbox-gl-js#5982"/>
    <testcase classname="tests/regressions/mapbox-gl-js#5978" name="tests/regressions/mapbox-gl-js#5978"/>
    <testcase classname="tests/regressions/mapbox-gl-js#5953" name="tests/regressions/mapbox-gl-js#5953"/>
    <testcase classname="tests/regressions/mapbox-gl-js#5947" name="tests/regressions/mapbox-gl-js#5947"/>
    <testcase classname="tests/regressions/mapbox-gl-js#5911a" name="tests/regressions/mapbox-gl-js#5911a"/>
    <testcase classname="tests/regressions/mapbox-gl-js#5911" name="tests/regressions/mapbox-gl-js#5911"/>
    <testcase classname="tests/regressions/mapbox-gl-js#5776" name="tests/regressions/mapbox-gl-js#5776"/>
    <testcase classname="tests/regressions/mapbox-gl-js#5740" name="tests/regressions/mapbox-gl-js#5740"/>
    <testcase classname="tests/regressions/mapbox-gl-js#5642" name="tests/regressions/mapbox-gl-js#5642"/>
    <testcase classname="tests/regressions/mapbox-gl-js#5631" name="tests/regressions/mapbox-gl-js#5631"/>
    <testcase classname="tests/regressions/mapbox-gl-js#5599" name="tests/regressions/mapbox-gl-js#5599"/>
    <testcase classname="tests/regressions/mapbox-gl-js#5576" name="tests/regressions/mapbox-gl-js#5576"/>
    <testcase classname="tests/regressions/mapbox-gl-js#5546" name="tests/regressions/mapbox-gl-js#5546"/>
    <testcase classname="tests/regressions/mapbox-gl-js#5544" name="tests/regressions/mapbox-gl-js#5544"/>
    <testcase classname="tests/regressions/mapbox-gl-js#5496" name="tests/regressions/mapbox-gl-js#5496"/>
    <testcase classname="tests/regressions/mapbox-gl-js#5466" name="tests/regressions/mapbox-gl-js#5466"/>
    <testcase classname="tests/regressions/mapbox-gl-js#5370" name="tests/regressions/mapbox-gl-js#5370"/>
    <testcase classname="tests/regressions/mapbox-gl-js#5171" name="tests/regressions/mapbox-gl-js#5171"/>
    <testcase classname="tests/regressions/mapbox-gl-js#4928" name="tests/regressions/mapbox-gl-js#4928"/>
    <testcase classname="tests/regressions/mapbox-gl-js#4860" name="tests/regressions/mapbox-gl-js#4860"/>
    <testcase classname="tests/regressions/mapbox-gl-js#4651" name="tests/regressions/mapbox-gl-js#4651"/>
    <testcase classname="tests/regressions/mapbox-gl-js#4647" name="tests/regressions/mapbox-gl-js#4647"/>
    <testcase classname="tests/regressions/mapbox-gl-js#4617" name="tests/regressions/mapbox-gl-js#4617"/>
    <testcase classname="tests/regressions/mapbox-gl-js#4605" name="tests/regressions/mapbox-gl-js#4605"/>
    <testcase classname="tests/regressions/mapbox-gl-js#4579" name="tests/regressions/mapbox-gl-js#4579"/>
    <testcase classname="tests/regressions/mapbox-gl-js#4573" name="tests/regressions/mapbox-gl-js#4573"/>
    <testcase classname="tests/regressions/mapbox-gl-js#4564" name="tests/regressions/mapbox-gl-js#4564"/>
    <testcase classname="tests/regressions/mapbox-gl-js#4551" name="tests/regressions/mapbox-gl-js#4551"/>
    <testcase classname="tests/regressions/mapbox-gl-js#4550" name="tests/regressions/mapbox-gl-js#4550"/>
    <testcase classname="tests/regressions/mapbox-gl-js#4235" name="tests/regressions/mapbox-gl-js#4235"/>
    <testcase classname="tests/regressions/mapbox-gl-js#4172" name="tests/regressions/mapbox-gl-js#4172"/>
    <testcase classname="tests/regressions/mapbox-gl-js#4150" name="tests/regressions/mapbox-gl-js#4150"/>
    <testcase classname="tests/regressions/mapbox-gl-js#4146" name="tests/regressions/mapbox-gl-js#4146"/>
    <testcase classname="tests/regressions/mapbox-gl-js#4144" name="tests/regressions/mapbox-gl-js#4144"/>
    <testcase classname="tests/regressions/mapbox-gl-js#4124" name="tests/regressions/mapbox-gl-js#4124"/>
    <testcase classname="tests/regressions/mapbox-gl-js#3949" name="tests/regressions/mapbox-gl-js#3949"/>
    <testcase classname="tests/regressions/mapbox-gl-js#3910" name="tests/regressions/mapbox-gl-js#3910"/>
    <testcase classname="tests/regressions/mapbox-gl-js#3903" name="tests/regressions/mapbox-gl-js#3903"/>
    <testcase classname="tests/regressions/mapbox-gl-js#3819" name="tests/regressions/mapbox-gl-js#3819"/>
    <testcase classname="tests/regressions/mapbox-gl-js#3723" name="tests/regressions/mapbox-gl-js#3723"/>
    <testcase classname="tests/regressions/mapbox-gl-js#3702" name="tests/regressions/mapbox-gl-js#3702"/>
    <testcase classname="tests/regressions/mapbox-gl-js#3633" name="tests/regressions/mapbox-gl-js#3633"/>
    <testcase classname="tests/regressions/mapbox-gl-js#3623" name="tests/regressions/mapbox-gl-js#3623"/>
    <testcase classname="tests/regressions/mapbox-gl-js#3614" name="tests/regressions/mapbox-gl-js#3614"/>
    <testcase classname="tests/regressions/mapbox-gl-js#3612" name="tests/regressions/mapbox-gl-js#3612"/>
    <testcase classname="tests/regressions/mapbox-gl-js#3548" name="tests/regressions/mapbox-gl-js#3548"/>
    <testcase classname="tests/regressions/mapbox-gl-js#3426" name="tests/regressions/mapbox-gl-js#3426"/>
    <testcase classname="tests/regressions/mapbox-gl-js#3394" name="tests/regressions/mapbox-gl-js#3394"/>
    <testcase classname="tests/regressions/mapbox-gl-js#3365" name="tests/regressions/mapbox-gl-js#3365"/>
    <testcase classname="tests/regressions/mapbox-gl-js#3320" name="tests/regressions/mapbox-gl-js#3320"/>
    <testcase classname="tests/regressions/mapbox-gl-js#3107" name="tests/regressions/mapbox-gl-js#3107"/>
    <testcase classname="tests/regressions/mapbox-gl-js#3010" name="tests/regressions/mapbox-gl-js#3010"/>
    <testcase classname="tests/regressions/mapbox-gl-js#2929" name="tests/regressions/mapbox-gl-js#2929"/>
    <testcase classname="tests/regressions/mapbox-gl-js#2846" name="tests/regressions/mapbox-gl-js#2846"/>
    <testcase classname="tests/regressions/mapbox-gl-js#2787" name="tests/regressions/mapbox-gl-js#2787"/>
    <testcase classname="tests/regressions/mapbox-gl-js#2769" name="tests/regressions/mapbox-gl-js#2769"/>
    <testcase classname="tests/regressions/mapbox-gl-js#2762" name="tests/regressions/mapbox-gl-js#2762"/>
    <testcase classname="tests/regressions/mapbox-gl-js#2534" name="tests/regressions/mapbox-gl-js#2534"/>
    <testcase classname="tests/regressions/mapbox-gl-js#2533" name="tests/regressions/mapbox-gl-js#2533"/>
    <testcase classname="tests/regressions/mapbox-gl-js#2523" name="tests/regressions/mapbox-gl-js#2523"/>
    <testcase classname="tests/regressions/mapbox-gl-js#2467" name="tests/regressions/mapbox-gl-js#2467"/>
    <testcase classname="tests/regressions/mapbox-gl-js#2305" name="tests/regressions/mapbox-gl-js#2305"/>
    <testcase classname="tests/real-world/uruguay" name="tests/real-world/uruguay"/>
    <testcase classname="tests/real-world/sanfrancisco" name="tests/real-world/sanfrancisco"/>
    <testcase classname="tests/real-world/norway" name="tests/real-world/norway"/>
    <testcase classname="tests/real-world/nepal" name="tests/real-world/nepal"/>
    <testcase classname="tests/real-world/chicago" name="tests/real-world/chicago"/>
    <testcase classname="tests/real-world/bangkok" name="tests/real-world/bangkok"/>
    <testcase classname="tests/raster-saturation/literal" name="tests/raster-saturation/literal"/>
    <testcase classname="tests/raster-saturation/function" name="tests/raster-saturation/function"/>
    <testcase classname="tests/raster-saturation/default" name="tests/raster-saturation/default"/>
    <testcase classname="tests/raster-rotation/90" name="tests/raster-rotation/90"/>
    <testcase classname="tests/raster-rotation/45" name="tests/raster-rotation/45"/>
    <testcase classname="tests/raster-rotation/270" name="tests/raster-rotation/270"/>
    <testcase classname="tests/raster-rotation/180" name="tests/raster-rotation/180"/>
    <testcase classname="tests/raster-rotation/0" name="tests/raster-rotation/0"/>
    <testcase classname="tests/raster-resampling-fallback/case4-resampling-linear" name="tests/raster-resampling-fallback/case4-resampling-linear"/>
    <testcase classname="tests/raster-resampling-fallback/case3-resampling-nearest" name="tests/raster-resampling-fallback/case3-resampling-nearest"/>
    <testcase classname="tests/raster-resampling-fallback/case2-raster-linear" name="tests/raster-resampling-fallback/case2-raster-linear"/>
    <testcase classname="tests/raster-resampling-fallback/case1-raster-nearest" name="tests/raster-resampling-fallback/case1-raster-nearest"/>
    <testcase classname="tests/raster-resampling/literal" name="tests/raster-resampling/literal"/>
    <testcase classname="tests/raster-resampling/function" name="tests/raster-resampling/function"/>
    <testcase classname="tests/raster-resampling/default" name="tests/raster-resampling/default"/>
    <testcase classname="tests/raster-opacity/literal" name="tests/raster-opacity/literal"/>
    <testcase classname="tests/raster-opacity/function" name="tests/raster-opacity/function"/>
    <testcase classname="tests/raster-opacity/default" name="tests/raster-opacity/default"/>
    <testcase classname="tests/raster-masking/overlapping-zoom" name="tests/raster-masking/overlapping-zoom"/>
    <testcase classname="tests/raster-masking/overlapping-vector" name="tests/raster-masking/overlapping-vector"/>
    <testcase classname="tests/raster-masking/overlapping" name="tests/raster-masking/overlapping"/>
    <testcase classname="tests/raster-loading/missing" name="tests/raster-loading/missing"/>
    <testcase classname="tests/raster-hue-rotate/literal" name="tests/raster-hue-rotate/literal"/>
    <testcase classname="tests/raster-hue-rotate/function" name="tests/raster-hue-rotate/function"/>
    <testcase classname="tests/raster-hue-rotate/default" name="tests/raster-hue-rotate/default"/>
    <testcase classname="tests/raster-extent/minzoom" name="tests/raster-extent/minzoom"/>
    <testcase classname="tests/raster-extent/maxzoom" name="tests/raster-extent/maxzoom"/>
    <testcase classname="tests/raster-contrast/literal" name="tests/raster-contrast/literal"/>
    <testcase classname="tests/raster-contrast/function" name="tests/raster-contrast/function"/>
    <testcase classname="tests/raster-contrast/default" name="tests/raster-contrast/default"/>
    <testcase classname="tests/raster-brightness/literal" name="tests/raster-brightness/literal"/>
    <testcase classname="tests/raster-brightness/function" name="tests/raster-brightness/function"/>
    <testcase classname="tests/raster-brightness/default" name="tests/raster-brightness/default"/>
    <testcase classname="tests/raster-anisotropic-filtering/pitch-45" name="tests/raster-anisotropic-filtering/pitch-45"/>
    <testcase classname="tests/raster-anisotropic-filtering/no-pitch" name="tests/raster-anisotropic-filtering/no-pitch"/>
    <testcase classname="tests/raster-alpha/default" name="tests/raster-alpha/default"/>
    <testcase classname="tests/projection/perspective" name="tests/projection/perspective"/>
    <testcase classname="tests/projection/mercator/raster-planet" name="tests/projection/mercator/raster-planet"/>
    <testcase classname="tests/projection/globe/zoom-transition" name="tests/projection/globe/zoom-transition"/>
    <testcase classname="tests/projection/globe/text-variable-anchor/rotated" name="tests/projection/globe/text-variable-anchor/rotated"/>
    <testcase classname="tests/projection/globe/text-variable-anchor/pitched-and-rotated" name="tests/projection/globe/text-variable-anchor/pitched-and-rotated"/>
    <testcase classname="tests/projection/globe/text-variable-anchor/pitched" name="tests/projection/globe/text-variable-anchor/pitched"/>
    <testcase classname="tests/projection/globe/text-variable-anchor/base" name="tests/projection/globe/text-variable-anchor/base"/>
    <testcase classname="tests/projection/globe/text-point-pole-to-pole" name="tests/projection/globe/text-point-pole-to-pole"/>
    <testcase classname="tests/projection/globe/text-pitched-rotated" name="tests/projection/globe/text-pitched-rotated"/>
    <testcase classname="tests/projection/globe/text-always-overlap-occluded/point-icon" name="tests/projection/globe/text-always-overlap-occluded/point-icon"/>
    <testcase classname="tests/projection/globe/text-always-overlap-occluded/point" name="tests/projection/globe/text-always-overlap-occluded/point"/>
    <testcase classname="tests/projection/globe/text-always-overlap-occluded/line" name="tests/projection/globe/text-always-overlap-occluded/line"/>
    <testcase classname="tests/projection/globe/terrain/raster-planet" name="tests/projection/globe/terrain/raster-planet"/>
    <testcase classname="tests/projection/globe/terrain/line-translate" name="tests/projection/globe/terrain/line-translate"/>
    <testcase classname="tests/projection/globe/terrain/line-spiral" name="tests/projection/globe/terrain/line-spiral"/>
    <testcase classname="tests/projection/globe/terrain/line-gradient-on-background" name="tests/projection/globe/terrain/line-gradient-on-background"/>
    <testcase classname="tests/projection/globe/terrain/line-gradient" name="tests/projection/globe/terrain/line-gradient"/>
    <testcase classname="tests/projection/globe/terrain/icon-text-translate-viewport" name="tests/projection/globe/terrain/icon-text-translate-viewport"/>
    <testcase classname="tests/projection/globe/terrain/icon-text-translate-map" name="tests/projection/globe/terrain/icon-text-translate-map"/>
    <testcase classname="tests/projection/globe/terrain/hillshade-sky" name="tests/projection/globe/terrain/hillshade-sky"/>
    <testcase classname="tests/projection/globe/terrain/hillshade" name="tests/projection/globe/terrain/hillshade"/>
    <testcase classname="tests/projection/globe/terrain/heatmap" name="tests/projection/globe/terrain/heatmap"/>
    <testcase classname="tests/projection/globe/terrain/fill-translate" name="tests/projection/globe/terrain/fill-translate"/>
    <testcase classname="tests/projection/globe/terrain/fill-seams/ocean" name="tests/projection/globe/terrain/fill-seams/ocean"/>
    <testcase classname="tests/projection/globe/terrain/fill-seams/checkerboard" name="tests/projection/globe/terrain/fill-seams/checkerboard"/>
    <testcase classname="tests/projection/globe/terrain/fill-planet-tiles-no-background" name="tests/projection/globe/terrain/fill-planet-tiles-no-background"/>
    <testcase classname="tests/projection/globe/terrain/fill-planet-tiles" name="tests/projection/globe/terrain/fill-planet-tiles"/>
    <testcase classname="tests/projection/globe/terrain/fill-planet-solid" name="tests/projection/globe/terrain/fill-planet-solid"/>
    <testcase classname="tests/projection/globe/terrain/fill-planet-pole" name="tests/projection/globe/terrain/fill-planet-pole"/>
    <testcase classname="tests/projection/globe/terrain/fill-planet-pitched" name="tests/projection/globe/terrain/fill-planet-pitched"/>
    <testcase classname="tests/projection/globe/terrain/fill-extrusion-translate" name="tests/projection/globe/terrain/fill-extrusion-translate"/>
    <testcase classname="tests/projection/globe/terrain/fill-extrusion" name="tests/projection/globe/terrain/fill-extrusion"/>
    <testcase classname="tests/projection/globe/terrain/custom/tent-3d-globe-occlusion" name="tests/projection/globe/terrain/custom/tent-3d-globe-occlusion"/>
    <testcase classname="tests/projection/globe/terrain/custom/tent-3d-globe" name="tests/projection/globe/terrain/custom/tent-3d-globe"/>
    <testcase classname="tests/projection/globe/terrain/collision-text-variable-anchor/rotated" name="tests/projection/globe/terrain/collision-text-variable-anchor/rotated"/>
    <testcase classname="tests/projection/globe/terrain/collision-text-variable-anchor/pitched-and-rotated" name="tests/projection/globe/terrain/collision-text-variable-anchor/pitched-and-rotated"/>
    <testcase classname="tests/projection/globe/terrain/collision-text-variable-anchor/pitched" name="tests/projection/globe/terrain/collision-text-variable-anchor/pitched"/>
    <testcase classname="tests/projection/globe/terrain/collision-text-variable-anchor/base" name="tests/projection/globe/terrain/collision-text-variable-anchor/base"/>
    <testcase classname="tests/projection/globe/terrain/collision-text-point-pole-to-pole" name="tests/projection/globe/terrain/collision-text-point-pole-to-pole"/>
    <testcase classname="tests/projection/globe/terrain/collision-text-pitched-rotated" name="tests/projection/globe/terrain/collision-text-pitched-rotated"/>
    <testcase classname="tests/projection/globe/terrain/collision-text-line-pole-to-pole" name="tests/projection/globe/terrain/collision-text-line-pole-to-pole"/>
    <testcase classname="tests/projection/globe/terrain/collision-text-line-equator" name="tests/projection/globe/terrain/collision-text-line-equator"/>
    <testcase classname="tests/projection/globe/terrain/collision-icon-text-translate-map" name="tests/projection/globe/terrain/collision-icon-text-translate-map"/>
    <testcase classname="tests/projection/globe/terrain/circle-planet" name="tests/projection/globe/terrain/circle-planet"/>
    <testcase classname="tests/projection/globe/terrain/circle-pitch-alignment/viewport-scale-viewport" name="tests/projection/globe/terrain/circle-pitch-alignment/viewport-scale-viewport"/>
    <testcase classname="tests/projection/globe/terrain/circle-pitch-alignment/viewport-scale-map" name="tests/projection/globe/terrain/circle-pitch-alignment/viewport-scale-map"/>
    <testcase classname="tests/projection/globe/terrain/circle-pitch-alignment/map-scale-viewport" name="tests/projection/globe/terrain/circle-pitch-alignment/map-scale-viewport"/>
    <testcase classname="tests/projection/globe/terrain/circle-pitch-alignment/map-scale-map" name="tests/projection/globe/terrain/circle-pitch-alignment/map-scale-map"/>
    <testcase classname="tests/projection/globe/terrain/background" name="tests/projection/globe/terrain/background"/>
    <testcase classname="tests/projection/globe/terrain/atmosphere/zoom" name="tests/projection/globe/terrain/atmosphere/zoom"/>
    <testcase classname="tests/projection/globe/terrain/atmosphere/ligth-position-viewport" name="tests/projection/globe/terrain/atmosphere/ligth-position-viewport"/>
    <testcase classname="tests/projection/globe/terrain/atmosphere/light-position-map" name="tests/projection/globe/terrain/atmosphere/light-position-map"/>
    <testcase classname="tests/projection/globe/terrain/atmosphere/base" name="tests/projection/globe/terrain/atmosphere/base"/>
    <testcase classname="tests/projection/globe/terrain/atmosphere/atmosphere-blend/interpolate-to-1" name="tests/projection/globe/terrain/atmosphere/atmosphere-blend/interpolate-to-1"/>
    <testcase classname="tests/projection/globe/terrain/atmosphere/atmosphere-blend/interpolate-to-0.5" name="tests/projection/globe/terrain/atmosphere/atmosphere-blend/interpolate-to-0.5"/>
    <testcase classname="tests/projection/globe/terrain/atmosphere/atmosphere-blend/interpolate-to-0" name="tests/projection/globe/terrain/atmosphere/atmosphere-blend/interpolate-to-0"/>
    <testcase classname="tests/projection/globe/terrain/atmosphere/atmosphere-blend/base" name="tests/projection/globe/terrain/atmosphere/atmosphere-blend/base"/>
    <testcase classname="tests/projection/globe/sky" name="tests/projection/globe/sky"/>
    <testcase classname="tests/projection/globe/raster-warped" name="tests/projection/globe/raster-warped"/>
    <testcase classname="tests/projection/globe/raster-pole" name="tests/projection/globe/raster-pole"/>
    <testcase classname="tests/projection/globe/raster-planet" name="tests/projection/globe/raster-planet"/>
    <testcase classname="tests/projection/globe/line-translate" name="tests/projection/globe/line-translate"/>
    <testcase classname="tests/projection/globe/line-spiral" name="tests/projection/globe/line-spiral"/>
    <testcase classname="tests/projection/globe/line-gradient" name="tests/projection/globe/line-gradient"/>
    <testcase classname="tests/projection/globe/image" name="tests/projection/globe/image"/>
    <testcase classname="tests/projection/globe/icon-text-translate-viewport" name="tests/projection/globe/icon-text-translate-viewport"/>
    <testcase classname="tests/projection/globe/icon-text-translate-map" name="tests/projection/globe/icon-text-translate-map"/>
    <testcase classname="tests/projection/globe/hillshade" name="tests/projection/globe/hillshade"/>
    <testcase classname="tests/projection/globe/heatmap" name="tests/projection/globe/heatmap"/>
    <testcase classname="tests/projection/globe/fill-translate" name="tests/projection/globe/fill-translate"/>
    <testcase classname="tests/projection/globe/fill-seams/ocean" name="tests/projection/globe/fill-seams/ocean"/>
    <testcase classname="tests/projection/globe/fill-seams/checkerboard" name="tests/projection/globe/fill-seams/checkerboard"/>
    <testcase classname="tests/projection/globe/fill-planet-tiles" name="tests/projection/globe/fill-planet-tiles"/>
    <testcase classname="tests/projection/globe/fill-planet-solid" name="tests/projection/globe/fill-planet-solid"/>
    <testcase classname="tests/projection/globe/fill-planet-pole" name="tests/projection/globe/fill-planet-pole"/>
    <testcase classname="tests/projection/globe/fill-planet-pitched" name="tests/projection/globe/fill-planet-pitched"/>
    <testcase classname="tests/projection/globe/fill-extrusion-translate" name="tests/projection/globe/fill-extrusion-translate"/>
    <testcase classname="tests/projection/globe/fill-extrusion" name="tests/projection/globe/fill-extrusion"/>
    <testcase classname="tests/projection/globe/custom/tent-3d-globe-zoomed" name="tests/projection/globe/custom/tent-3d-globe-zoomed"/>
    <testcase classname="tests/projection/globe/custom/tent-3d-globe-occlusion" name="tests/projection/globe/custom/tent-3d-globe-occlusion"/>
    <testcase classname="tests/projection/globe/custom/tent-3d-globe" name="tests/projection/globe/custom/tent-3d-globe"/>
    <testcase classname="tests/projection/globe/collision-text-variable-anchor/rotated" name="tests/projection/globe/collision-text-variable-anchor/rotated"/>
    <testcase classname="tests/projection/globe/collision-text-variable-anchor/pitched-and-rotated" name="tests/projection/globe/collision-text-variable-anchor/pitched-and-rotated"/>
    <testcase classname="tests/projection/globe/collision-text-variable-anchor/pitched" name="tests/projection/globe/collision-text-variable-anchor/pitched"/>
    <testcase classname="tests/projection/globe/collision-text-variable-anchor/base" name="tests/projection/globe/collision-text-variable-anchor/base"/>
    <testcase classname="tests/projection/globe/collision-text-point-pole-to-pole" name="tests/projection/globe/collision-text-point-pole-to-pole"/>
    <testcase classname="tests/projection/globe/collision-text-pitched-rotated" name="tests/projection/globe/collision-text-pitched-rotated"/>
    <testcase classname="tests/projection/globe/collision-text-line-pole-to-pole" name="tests/projection/globe/collision-text-line-pole-to-pole"/>
    <testcase classname="tests/projection/globe/collision-text-line-equator" name="tests/projection/globe/collision-text-line-equator"/>
    <testcase classname="tests/projection/globe/collision-icon-text-translate-map" name="tests/projection/globe/collision-icon-text-translate-map"/>
    <testcase classname="tests/projection/globe/circle-planet" name="tests/projection/globe/circle-planet"/>
    <testcase classname="tests/projection/globe/circle-pitch-alignment/viewport-scale-viewport" name="tests/projection/globe/circle-pitch-alignment/viewport-scale-viewport"/>
    <testcase classname="tests/projection/globe/circle-pitch-alignment/viewport-scale-map" name="tests/projection/globe/circle-pitch-alignment/viewport-scale-map"/>
    <testcase classname="tests/projection/globe/circle-pitch-alignment/map-scale-viewport" name="tests/projection/globe/circle-pitch-alignment/map-scale-viewport"/>
    <testcase classname="tests/projection/globe/circle-pitch-alignment/map-scale-map" name="tests/projection/globe/circle-pitch-alignment/map-scale-map"/>
    <testcase classname="tests/projection/globe/background-pattern" name="tests/projection/globe/background-pattern"/>
    <testcase classname="tests/projection/globe/background" name="tests/projection/globe/background"/>
    <testcase classname="tests/projection/globe/atmosphere/zoom" name="tests/projection/globe/atmosphere/zoom"/>
    <testcase classname="tests/projection/globe/atmosphere/ligth-position-viewport" name="tests/projection/globe/atmosphere/ligth-position-viewport"/>
    <testcase classname="tests/projection/globe/atmosphere/light-position-map" name="tests/projection/globe/atmosphere/light-position-map"/>
    <testcase classname="tests/projection/globe/atmosphere/base" name="tests/projection/globe/atmosphere/base"/>
    <testcase classname="tests/projection/globe/atmosphere/atmosphere-blend/interpolate-to-1" name="tests/projection/globe/atmosphere/atmosphere-blend/interpolate-to-1"/>
    <testcase classname="tests/projection/globe/atmosphere/atmosphere-blend/interpolate-to-0.5" name="tests/projection/globe/atmosphere/atmosphere-blend/interpolate-to-0.5"/>
    <testcase classname="tests/projection/globe/atmosphere/atmosphere-blend/interpolate-to-0" name="tests/projection/globe/atmosphere/atmosphere-blend/interpolate-to-0"/>
    <testcase classname="tests/projection/globe/atmosphere/atmosphere-blend/base" name="tests/projection/globe/atmosphere/atmosphere-blend/base"/>
    <testcase classname="tests/projection/globe/antimeridian-lod" name="tests/projection/globe/antimeridian-lod"/>
    <testcase classname="tests/pixel-ratio/veryhigh" name="tests/pixel-ratio/veryhigh"/>
    <testcase classname="tests/mlt/render-layers/render-water" name="tests/mlt/render-layers/render-water"/>
    <testcase classname="tests/mlt/render-layers/render-roads" name="tests/mlt/render-layers/render-roads"/>
    <testcase classname="tests/mlt/render-layers/render-landcover" name="tests/mlt/render-layers/render-landcover"/>
    <testcase classname="tests/mlt/render-layers/render-labels" name="tests/mlt/render-layers/render-labels"/>
    <testcase classname="tests/mlt/render-layers/render-housenr" name="tests/mlt/render-layers/render-housenr"/>
    <testcase classname="tests/mlt/render-layers/render-building" name="tests/mlt/render-layers/render-building"/>
    <testcase classname="tests/linear-filter-opacity-edge/literal" name="tests/linear-filter-opacity-edge/literal"/>
    <testcase classname="tests/line-width/zero-width-function" name="tests/line-width/zero-width-function"/>
    <testcase classname="tests/line-width/zero-width" name="tests/line-width/zero-width"/>
    <testcase classname="tests/line-width/very-overscaled" name="tests/line-width/very-overscaled"/>
    <testcase classname="tests/line-width/property-function" name="tests/line-width/property-function"/>
    <testcase classname="tests/line-width/literal" name="tests/line-width/literal"/>
    <testcase classname="tests/line-width/function" name="tests/line-width/function"/>
    <testcase classname="tests/line-width/default" name="tests/line-width/default"/>
    <testcase classname="tests/line-triangulation/round" name="tests/line-triangulation/round"/>
    <testcase classname="tests/line-triangulation/default" name="tests/line-triangulation/default"/>
    <testcase classname="tests/line-translate-anchor/viewport" name="tests/line-translate-anchor/viewport"/>
    <testcase classname="tests/line-translate-anchor/map" name="tests/line-translate-anchor/map"/>
    <testcase classname="tests/line-translate/literal" name="tests/line-translate/literal"/>
    <testcase classname="tests/line-translate/function" name="tests/line-translate/function"/>
    <testcase classname="tests/line-translate/default" name="tests/line-translate/default"/>
    <testcase classname="tests/line-sort-key/literal" name="tests/line-sort-key/literal"/>
    <testcase classname="tests/line-round-limit/property-function" name="tests/line-round-limit/property-function"/>
    <testcase classname="tests/line-round-limit/global-state" name="tests/line-round-limit/global-state"/>
    <testcase classname="tests/line-round-limit/default" name="tests/line-round-limit/default"/>
    <testcase classname="tests/line-pitch/pitchAndBearing" name="tests/line-pitch/pitchAndBearing"/>
    <testcase classname="tests/line-pitch/pitch30" name="tests/line-pitch/pitch30"/>
    <testcase classname="tests/line-pitch/pitch15" name="tests/line-pitch/pitch15"/>
    <testcase classname="tests/line-pitch/pitch0" name="tests/line-pitch/pitch0"/>
    <testcase classname="tests/line-pitch/default" name="tests/line-pitch/default"/>
    <testcase classname="tests/line-pattern/zoom-expression" name="tests/line-pattern/zoom-expression"/>
    <testcase classname="tests/line-pattern/with-dasharray" name="tests/line-pattern/with-dasharray"/>
    <testcase classname="tests/line-pattern/step-curve" name="tests/line-pattern/step-curve"/>
    <testcase classname="tests/line-pattern/property-function" name="tests/line-pattern/property-function"/>
    <testcase classname="tests/line-pattern/pitch" name="tests/line-pattern/pitch"/>
    <testcase classname="tests/line-pattern/overscaled" name="tests/line-pattern/overscaled"/>
    <testcase classname="tests/line-pattern/opacity" name="tests/line-pattern/opacity"/>
    <testcase classname="tests/line-pattern/literal" name="tests/line-pattern/literal"/>
    <testcase classname="tests/line-pattern/global-state" name="tests/line-pattern/global-state"/>
    <testcase classname="tests/line-pattern/@2x" name="tests/line-pattern/@2x"/>
    <testcase classname="tests/line-pattern/3x-on-2x-add-image" name="tests/line-pattern/3x-on-2x-add-image"/>
    <testcase classname="tests/line-overlap" name="tests/line-overlap"/>
    <testcase classname="tests/line-opacity/step-curve" name="tests/line-opacity/step-curve"/>
    <testcase classname="tests/line-opacity/property-function" name="tests/line-opacity/property-function"/>
    <testcase classname="tests/line-opacity/literal" name="tests/line-opacity/literal"/>
    <testcase classname="tests/line-opacity/function" name="tests/line-opacity/function"/>
    <testcase classname="tests/line-opacity/default" name="tests/line-opacity/default"/>
    <testcase classname="tests/line-offset/property-function" name="tests/line-offset/property-function"/>
    <testcase classname="tests/line-offset/literal-negative" name="tests/line-offset/literal-negative"/>
    <testcase classname="tests/line-offset/literal" name="tests/line-offset/literal"/>
    <testcase classname="tests/line-offset/function" name="tests/line-offset/function"/>
    <testcase classname="tests/line-offset/default" name="tests/line-offset/default"/>
    <testcase classname="tests/line-miter-limit/property-function" name="tests/line-miter-limit/property-function"/>
    <testcase classname="tests/line-miter-limit/global-state" name="tests/line-miter-limit/global-state"/>
    <testcase classname="tests/line-miter-limit/default" name="tests/line-miter-limit/default"/>
    <testcase classname="tests/line-join/round-transparent" name="tests/line-join/round-transparent"/>
    <testcase classname="tests/line-join/round" name="tests/line-join/round"/>
    <testcase classname="tests/line-join/property-function-dasharray" name="tests/line-join/property-function-dasharray"/>
    <testcase classname="tests/line-join/property-function" name="tests/line-join/property-function"/>
    <testcase classname="tests/line-join/miter-transparent" name="tests/line-join/miter-transparent"/>
    <testcase classname="tests/line-join/miter" name="tests/line-join/miter"/>
    <testcase classname="tests/line-join/default" name="tests/line-join/default"/>
    <testcase classname="tests/line-join/bevel-transparent" name="tests/line-join/bevel-transparent"/>
    <testcase classname="tests/line-join/bevel" name="tests/line-join/bevel"/>
    <testcase classname="tests/line-gradient-dasharray/translucent" name="tests/line-gradient-dasharray/translucent"/>
    <testcase classname="tests/line-gradient-dasharray/step-gradient" name="tests/line-gradient-dasharray/step-gradient"/>
    <testcase classname="tests/line-gradient-dasharray/property-function" name="tests/line-gradient-dasharray/property-function"/>
    <testcase classname="tests/line-gradient-dasharray/gradient-with-dash" name="tests/line-gradient-dasharray/gradient-with-dash"/>
    <testcase classname="tests/line-gradient-dasharray/gradient-tile-boundaries" name="tests/line-gradient-dasharray/gradient-tile-boundaries"/>
    <testcase classname="tests/line-gradient-dasharray/gradient-shared-source" name="tests/line-gradient-dasharray/gradient-shared-source"/>
    <testcase classname="tests/line-gradient-dasharray/color-interpolation-hcl-lab" name="tests/line-gradient-dasharray/color-interpolation-hcl-lab"/>
    <testcase classname="tests/line-gradient/translucent" name="tests/line-gradient/translucent"/>
    <testcase classname="tests/line-gradient/gradient-tile-boundaries" name="tests/line-gradient/gradient-tile-boundaries"/>
    <testcase classname="tests/line-gradient/gradient-step-zoomed-cross-continental" name="tests/line-gradient/gradient-step-zoomed-cross-continental"/>
    <testcase classname="tests/line-gradient/gradient-step-zoomed" name="tests/line-gradient/gradient-step-zoomed"/>
    <testcase classname="tests/line-gradient/gradient-step" name="tests/line-gradient/gradient-step"/>
    <testcase classname="tests/line-gradient/gradient-shared-source" name="tests/line-gradient/gradient-shared-source"/>
    <testcase classname="tests/line-gradient/gradient" name="tests/line-gradient/gradient"/>
    <testcase classname="tests/line-gradient/color-interpolation-transparent" name="tests/line-gradient/color-interpolation-transparent"/>
    <testcase classname="tests/line-gradient/color-interpolation-rgb-hcl-lab" name="tests/line-gradient/color-interpolation-rgb-hcl-lab"/>
    <testcase classname="tests/line-gap-width/property-function" name="tests/line-gap-width/property-function"/>
    <testcase classname="tests/line-gap-width/literal" name="tests/line-gap-width/literal"/>
    <testcase classname="tests/line-gap-width/function" name="tests/line-gap-width/function"/>
    <testcase classname="tests/line-gap-width/default" name="tests/line-gap-width/default"/>
    <testcase classname="tests/line-dasharray/zoom-history" name="tests/line-dasharray/zoom-history"/>
    <testcase classname="tests/line-dasharray/zero-length-gap" name="tests/line-dasharray/zero-length-gap"/>
    <testcase classname="tests/line-dasharray/slant" name="tests/line-dasharray/slant"/>
    <testcase classname="tests/line-dasharray/round/zero-gap-width" name="tests/line-dasharray/round/zero-gap-width"/>
    <testcase classname="tests/line-dasharray/round/single-dasharray-element" name="tests/line-dasharray/round/single-dasharray-element"/>
    <testcase classname="tests/line-dasharray/round/segments" name="tests/line-dasharray/round/segments"/>
    <testcase classname="tests/line-dasharray/property-function/cap-round" name="tests/line-dasharray/property-function/cap-round"/>
    <testcase classname="tests/line-dasharray/property-function/cap-default" name="tests/line-dasharray/property-function/cap-default"/>
    <testcase classname="tests/line-dasharray/overscaled" name="tests/line-dasharray/overscaled"/>
    <testcase classname="tests/line-dasharray/long-segment" name="tests/line-dasharray/long-segment"/>
    <testcase classname="tests/line-dasharray/literal/line-width-zoom-function" name="tests/line-dasharray/literal/line-width-zoom-function"/>
    <testcase classname="tests/line-dasharray/literal/line-width-property-function" name="tests/line-dasharray/literal/line-width-property-function"/>
    <testcase classname="tests/line-dasharray/literal/line-width-constant" name="tests/line-dasharray/literal/line-width-constant"/>
    <testcase classname="tests/line-dasharray/literal/line-width-composite-function" name="tests/line-dasharray/literal/line-width-composite-function"/>
    <testcase classname="tests/line-dasharray/function/line-width-property-function" name="tests/line-dasharray/function/line-width-property-function"/>
    <testcase classname="tests/line-dasharray/function/line-width-constant" name="tests/line-dasharray/function/line-width-constant"/>
    <testcase classname="tests/line-dasharray/function/line-width-composite-function" name="tests/line-dasharray/function/line-width-composite-function"/>
    <testcase classname="tests/line-dasharray/fractional-zoom" name="tests/line-dasharray/fractional-zoom"/>
    <testcase classname="tests/line-dasharray/diagonal-dash" name="tests/line-dasharray/diagonal-dash"/>
    <testcase classname="tests/line-dasharray/default" name="tests/line-dasharray/default"/>
    <testcase classname="tests/line-dasharray/case/butt" name="tests/line-dasharray/case/butt"/>
    <testcase classname="tests/line-color/property-function-identity" name="tests/line-color/property-function-identity"/>
    <testcase classname="tests/line-color/property-function" name="tests/line-color/property-function"/>
    <testcase classname="tests/line-color/literal" name="tests/line-color/literal"/>
    <testcase classname="tests/line-color/global-state-with-get" name="tests/line-color/global-state-with-get"/>
    <testcase classname="tests/line-color/global-state" name="tests/line-color/global-state"/>
    <testcase classname="tests/line-color/function" name="tests/line-color/function"/>
    <testcase classname="tests/line-color/default" name="tests/line-color/default"/>
    <testcase classname="tests/line-cap/square" name="tests/line-cap/square"/>
    <testcase classname="tests/line-cap/round" name="tests/line-cap/round"/>
    <testcase classname="tests/line-cap/property-function" name="tests/line-cap/property-function"/>
    <testcase classname="tests/line-cap/line-dasharray/property-function" name="tests/line-cap/line-dasharray/property-function"/>
    <testcase classname="tests/line-cap/global-state" name="tests/line-cap/global-state"/>
    <testcase classname="tests/line-cap/default" name="tests/line-cap/default"/>
    <testcase classname="tests/line-cap/butt" name="tests/line-cap/butt"/>
    <testcase classname="tests/line-blur/property-function" name="tests/line-blur/property-function"/>
    <testcase classname="tests/line-blur/literal" name="tests/line-blur/literal"/>
    <testcase classname="tests/line-blur/function" name="tests/line-blur/function"/>
    <testcase classname="tests/line-blur/default" name="tests/line-blur/default"/>
    <testcase classname="tests/is-supported-script/layout" name="tests/is-supported-script/layout"/>
    <testcase classname="tests/is-supported-script/filter" name="tests/is-supported-script/filter"/>
    <testcase classname="tests/image/raster-visibility" name="tests/image/raster-visibility"/>
    <testcase classname="tests/image/raster-saturation" name="tests/image/raster-saturation"/>
    <testcase classname="tests/image/raster-resampling" name="tests/image/raster-resampling"/>
    <testcase classname="tests/image/raster-opacity" name="tests/image/raster-opacity"/>
    <testcase classname="tests/image/raster-hue-rotate" name="tests/image/raster-hue-rotate"/>
    <testcase classname="tests/image/raster-contrast" name="tests/image/raster-contrast"/>
    <testcase classname="tests/image/raster-brightness" name="tests/image/raster-brightness"/>
    <testcase classname="tests/image/pitched" name="tests/image/pitched"/>
    <testcase classname="tests/image/default" name="tests/image/default"/>
    <testcase classname="tests/icon-translate-anchor/viewport" name="tests/icon-translate-anchor/viewport"/>
    <testcase classname="tests/icon-translate-anchor/map" name="tests/icon-translate-anchor/map"/>
    <testcase classname="tests/icon-translate/literal" name="tests/icon-translate/literal"/>
    <testcase classname="tests/icon-translate/function" name="tests/icon-translate/function"/>
    <testcase classname="tests/icon-translate/default" name="tests/icon-translate/default"/>
    <testcase classname="tests/icon-text-fit/width-text-anchor-padding" name="tests/icon-text-fit/width-text-anchor-padding"/>
    <testcase classname="tests/icon-text-fit/width-text-anchor" name="tests/icon-text-fit/width-text-anchor"/>
    <testcase classname="tests/icon-text-fit/width-padding" name="tests/icon-text-fit/width-padding"/>
    <testcase classname="tests/icon-text-fit/width" name="tests/icon-text-fit/width"/>
    <testcase classname="tests/icon-text-fit/textFit-grid-short-vertical" name="tests/icon-text-fit/textFit-grid-short-vertical"/>
    <testcase classname="tests/icon-text-fit/textFit-grid-short" name="tests/icon-text-fit/textFit-grid-short"/>
    <testcase classname="tests/icon-text-fit/textFit-grid-long-vertical" name="tests/icon-text-fit/textFit-grid-long-vertical"/>
    <testcase classname="tests/icon-text-fit/textFit-grid-long" name="tests/icon-text-fit/textFit-grid-long"/>
    <testcase classname="tests/icon-text-fit/textFit-collision" name="tests/icon-text-fit/textFit-collision"/>
    <testcase classname="tests/icon-text-fit/textFit-anchors-short" name="tests/icon-text-fit/textFit-anchors-short"/>
    <testcase classname="tests/icon-text-fit/textFit-anchors-long" name="tests/icon-text-fit/textFit-anchors-long"/>
    <testcase classname="tests/icon-text-fit/text-variable-anchor-overlap" name="tests/icon-text-fit/text-variable-anchor-overlap"/>
    <testcase classname="tests/icon-text-fit/text-variable-anchor" name="tests/icon-text-fit/text-variable-anchor"/>
    <testcase classname="tests/icon-text-fit/stretch-underscale" name="tests/icon-text-fit/stretch-underscale"/>
    <testcase classname="tests/icon-text-fit/stretch-two-part" name="tests/icon-text-fit/stretch-two-part"/>
    <testcase classname="tests/icon-text-fit/stretch-three-part" name="tests/icon-text-fit/stretch-three-part"/>
    <testcase classname="tests/icon-text-fit/stretch-nine-part-just-width" name="tests/icon-text-fit/stretch-nine-part-just-width"/>
    <testcase classname="tests/icon-text-fit/stretch-nine-part-just-height" name="tests/icon-text-fit/stretch-nine-part-just-height"/>
    <testcase classname="tests/icon-text-fit/stretch-nine-part-content-collision" name="tests/icon-text-fit/stretch-nine-part-content-collision"/>
    <testcase classname="tests/icon-text-fit/stretch-nine-part-content" name="tests/icon-text-fit/stretch-nine-part-content"/>
    <testcase classname="tests/icon-text-fit/stretch-nine-part-@2x" name="tests/icon-text-fit/stretch-nine-part-@2x"/>
    <testcase classname="tests/icon-text-fit/stretch-nine-part" name="tests/icon-text-fit/stretch-nine-part"/>
    <testcase classname="tests/icon-text-fit/stretch-fifteen-part" name="tests/icon-text-fit/stretch-fifteen-part"/>
    <testcase classname="tests/icon-text-fit/sdf-dot-text-fit" name="tests/icon-text-fit/sdf-dot-text-fit"/>
    <testcase classname="tests/icon-text-fit/placement-line" name="tests/icon-text-fit/placement-line"/>
    <testcase classname="tests/icon-text-fit/none" name="tests/icon-text-fit/none"/>
    <testcase classname="tests/icon-text-fit/height-text-anchor-padding" name="tests/icon-text-fit/height-text-anchor-padding"/>
    <testcase classname="tests/icon-text-fit/height-text-anchor" name="tests/icon-text-fit/height-text-anchor"/>
    <testcase classname="tests/icon-text-fit/height-padding" name="tests/icon-text-fit/height-padding"/>
    <testcase classname="tests/icon-text-fit/height" name="tests/icon-text-fit/height"/>
    <testcase classname="tests/icon-text-fit/enlargen-width" name="tests/icon-text-fit/enlargen-width"/>
    <testcase classname="tests/icon-text-fit/enlargen-height" name="tests/icon-text-fit/enlargen-height"/>
    <testcase classname="tests/icon-text-fit/enlargen-both-padding" name="tests/icon-text-fit/enlargen-both-padding"/>
    <testcase classname="tests/icon-text-fit/both-text-anchor-padding" name="tests/icon-text-fit/both-text-anchor-padding"/>
    <testcase classname="tests/icon-text-fit/both-text-anchor-icon-offset" name="tests/icon-text-fit/both-text-anchor-icon-offset"/>
    <testcase classname="tests/icon-text-fit/both-text-anchor-icon-anchor" name="tests/icon-text-fit/both-text-anchor-icon-anchor"/>
    <testcase classname="tests/icon-text-fit/both-text-anchor-2x-image-2x-screen" name="tests/icon-text-fit/both-text-anchor-2x-image-2x-screen"/>
    <testcase classname="tests/icon-text-fit/both-text-anchor-2x-image-1x-screen" name="tests/icon-text-fit/both-text-anchor-2x-image-1x-screen"/>
    <testcase classname="tests/icon-text-fit/both-text-anchor-1x-image-2x-screen" name="tests/icon-text-fit/both-text-anchor-1x-image-2x-screen"/>
    <testcase classname="tests/icon-text-fit/both-text-anchor" name="tests/icon-text-fit/both-text-anchor"/>
    <testcase classname="tests/icon-text-fit/both-padding" name="tests/icon-text-fit/both-padding"/>
    <testcase classname="tests/icon-text-fit/both-collision-variable-anchor-text-fit" name="tests/icon-text-fit/both-collision-variable-anchor-text-fit"/>
    <testcase classname="tests/icon-text-fit/both-collision-variable-anchor" name="tests/icon-text-fit/both-collision-variable-anchor"/>
    <testcase classname="tests/icon-text-fit/both-collision" name="tests/icon-text-fit/both-collision"/>
    <testcase classname="tests/icon-text-fit/both" name="tests/icon-text-fit/both"/>
    <testcase classname="tests/icon-size/property-function-sdf" name="tests/icon-size/property-function-sdf"/>
    <testcase classname="tests/icon-size/property-function-plain" name="tests/icon-size/property-function-plain"/>
    <testcase classname="tests/icon-size/literal" name="tests/icon-size/literal"/>
    <testcase classname="tests/icon-size/global-state" name="tests/icon-size/global-state"/>
    <testcase classname="tests/icon-size/function" name="tests/icon-size/function"/>
    <testcase classname="tests/icon-size/default" name="tests/icon-size/default"/>
    <testcase classname="tests/icon-size/composite-function-sdf" name="tests/icon-size/composite-function-sdf"/>
    <testcase classname="tests/icon-size/composite-function-plain" name="tests/icon-size/composite-function-plain"/>
    <testcase classname="tests/icon-size/camera-function-sdf" name="tests/icon-size/camera-function-sdf"/>
    <testcase classname="tests/icon-size/camera-function-plain" name="tests/icon-size/camera-function-plain"/>
    <testcase classname="tests/icon-size/camera-function-high-base-sdf" name="tests/icon-size/camera-function-high-base-sdf"/>
    <testcase classname="tests/icon-size/camera-function-high-base-plain" name="tests/icon-size/camera-function-high-base-plain"/>
    <testcase classname="tests/icon-rotation-alignment/viewport-symbol-placement-point" name="tests/icon-rotation-alignment/viewport-symbol-placement-point"/>
    <testcase classname="tests/icon-rotation-alignment/viewport-symbol-placement-line" name="tests/icon-rotation-alignment/viewport-symbol-placement-line"/>
    <testcase classname="tests/icon-rotation-alignment/map-symbol-placement-point" name="tests/icon-rotation-alignment/map-symbol-placement-point"/>
    <testcase classname="tests/icon-rotation-alignment/map-symbol-placement-line" name="tests/icon-rotation-alignment/map-symbol-placement-line"/>
    <testcase classname="tests/icon-rotation-alignment/auto-symbol-placement-point" name="tests/icon-rotation-alignment/auto-symbol-placement-point"/>
    <testcase classname="tests/icon-rotation-alignment/auto-symbol-placement-line" name="tests/icon-rotation-alignment/auto-symbol-placement-line"/>
    <testcase classname="tests/icon-rotate/with-offset" name="tests/icon-rotate/with-offset"/>
    <testcase classname="tests/icon-rotate/property-function" name="tests/icon-rotate/property-function"/>
    <testcase classname="tests/icon-rotate/literal" name="tests/icon-rotate/literal"/>
    <testcase classname="tests/icon-roll-alignment/viewport-rotation-alignment-map" name="tests/icon-roll-alignment/viewport-rotation-alignment-map"/>
    <testcase classname="tests/icon-roll-alignment/map-rotation-alignment-viewport" name="tests/icon-roll-alignment/map-rotation-alignment-viewport"/>
    <testcase classname="tests/icon-roll-alignment/auto-rotation-alignment-viewport" name="tests/icon-roll-alignment/auto-rotation-alignment-viewport"/>
    <testcase classname="tests/icon-roll-alignment/auto-rotation-alignment-map" name="tests/icon-roll-alignment/auto-rotation-alignment-map"/>
    <testcase classname="tests/icon-pixelratio-mismatch/default" name="tests/icon-pixelratio-mismatch/default"/>
    <testcase classname="tests/icon-pitch-scaling/rotation-alignment-viewport" name="tests/icon-pitch-scaling/rotation-alignment-viewport"/>
    <testcase classname="tests/icon-pitch-scaling/rotation-alignment-map" name="tests/icon-pitch-scaling/rotation-alignment-map"/>
    <testcase classname="tests/icon-pitch-alignment/viewport-rotation-alignment-map" name="tests/icon-pitch-alignment/viewport-rotation-alignment-map"/>
    <testcase classname="tests/icon-pitch-alignment/map-rotation-alignment-viewport" name="tests/icon-pitch-alignment/map-rotation-alignment-viewport"/>
    <testcase classname="tests/icon-pitch-alignment/auto-rotation-alignment-viewport" name="tests/icon-pitch-alignment/auto-rotation-alignment-viewport"/>
    <testcase classname="tests/icon-pitch-alignment/auto-rotation-alignment-map" name="tests/icon-pitch-alignment/auto-rotation-alignment-map"/>
    <testcase classname="tests/icon-padding/default" name="tests/icon-padding/default"/>
    <testcase classname="tests/icon-padding/databind" name="tests/icon-padding/databind"/>
    <testcase classname="tests/icon-overlap/never" name="tests/icon-overlap/never"/>
    <testcase classname="tests/icon-overlap/default" name="tests/icon-overlap/default"/>
    <testcase classname="tests/icon-overlap/cooperative" name="tests/icon-overlap/cooperative"/>
    <testcase classname="tests/icon-overlap/always" name="tests/icon-overlap/always"/>
    <testcase classname="tests/icon-opacity/text-only" name="tests/icon-opacity/text-only"/>
    <testcase classname="tests/icon-opacity/text-and-icon" name="tests/icon-opacity/text-and-icon"/>
    <testcase classname="tests/icon-opacity/property-function" name="tests/icon-opacity/property-function"/>
    <testcase classname="tests/icon-opacity/literal" name="tests/icon-opacity/literal"/>
    <testcase classname="tests/icon-opacity/icon-only" name="tests/icon-opacity/icon-only"/>
    <testcase classname="tests/icon-opacity/function" name="tests/icon-opacity/function"/>
    <testcase classname="tests/icon-opacity/default" name="tests/icon-opacity/default"/>
    <testcase classname="tests/icon-offset/zoom-and-property-function" name="tests/icon-offset/zoom-and-property-function"/>
    <testcase classname="tests/icon-offset/property-function" name="tests/icon-offset/property-function"/>
    <testcase classname="tests/icon-offset/literal" name="tests/icon-offset/literal"/>
    <testcase classname="tests/icon-no-cross-source-collision/default" name="tests/icon-no-cross-source-collision/default"/>
    <testcase classname="tests/icon-image/token" name="tests/icon-image/token"/>
    <testcase classname="tests/icon-image/stretchable-content" name="tests/icon-image/stretchable-content"/>
    <testcase classname="tests/icon-image/stretchable" name="tests/icon-image/stretchable"/>
    <testcase classname="tests/icon-image/property-function" name="tests/icon-image/property-function"/>
    <testcase classname="tests/icon-image/literal" name="tests/icon-image/literal"/>
    <testcase classname="tests/icon-image/image-expression" name="tests/icon-image/image-expression"/>
    <testcase classname="tests/icon-halo-width/property-function" name="tests/icon-halo-width/property-function"/>
    <testcase classname="tests/icon-halo-width/literal" name="tests/icon-halo-width/literal"/>
    <testcase classname="tests/icon-halo-width/function" name="tests/icon-halo-width/function"/>
    <testcase classname="tests/icon-halo-width/default" name="tests/icon-halo-width/default"/>
    <testcase classname="tests/icon-halo-color/transparent" name="tests/icon-halo-color/transparent"/>
    <testcase classname="tests/icon-halo-color/property-function" name="tests/icon-halo-color/property-function"/>
    <testcase classname="tests/icon-halo-color/opacity" name="tests/icon-halo-color/opacity"/>
    <testcase classname="tests/icon-halo-color/multiply" name="tests/icon-halo-color/multiply"/>
    <testcase classname="tests/icon-halo-color/literal" name="tests/icon-halo-color/literal"/>
    <testcase classname="tests/icon-halo-color/function" name="tests/icon-halo-color/function"/>
    <testcase classname="tests/icon-halo-color/default" name="tests/icon-halo-color/default"/>
    <testcase classname="tests/icon-halo-blur/property-function" name="tests/icon-halo-blur/property-function"/>
    <testcase classname="tests/icon-halo-blur/literal" name="tests/icon-halo-blur/literal"/>
    <testcase classname="tests/icon-halo-blur/function" name="tests/icon-halo-blur/function"/>
    <testcase classname="tests/icon-halo-blur/default" name="tests/icon-halo-blur/default"/>
    <testcase classname="tests/icon-color/property-function" name="tests/icon-color/property-function"/>
    <testcase classname="tests/icon-color/literal" name="tests/icon-color/literal"/>
    <testcase classname="tests/icon-color/function" name="tests/icon-color/function"/>
    <testcase classname="tests/icon-color/default" name="tests/icon-color/default"/>
    <testcase classname="tests/icon-anchor/top-right" name="tests/icon-anchor/top-right"/>
    <testcase classname="tests/icon-anchor/top-left" name="tests/icon-anchor/top-left"/>
    <testcase classname="tests/icon-anchor/top" name="tests/icon-anchor/top"/>
    <testcase classname="tests/icon-anchor/right" name="tests/icon-anchor/right"/>
    <testcase classname="tests/icon-anchor/property-function" name="tests/icon-anchor/property-function"/>
    <testcase classname="tests/icon-anchor/left" name="tests/icon-anchor/left"/>
    <testcase classname="tests/icon-anchor/default" name="tests/icon-anchor/default"/>
    <testcase classname="tests/icon-anchor/center" name="tests/icon-anchor/center"/>
    <testcase classname="tests/icon-anchor/bottom-right" name="tests/icon-anchor/bottom-right"/>
    <testcase classname="tests/icon-anchor/bottom-left" name="tests/icon-anchor/bottom-left"/>
    <testcase classname="tests/icon-anchor/bottom" name="tests/icon-anchor/bottom"/>
    <testcase classname="tests/hillshade-shadow-color/zoom-function" name="tests/hillshade-shadow-color/zoom-function"/>
    <testcase classname="tests/hillshade-shadow-color/literal" name="tests/hillshade-shadow-color/literal"/>
    <testcase classname="tests/hillshade-shadow-color/default" name="tests/hillshade-shadow-color/default"/>
    <testcase classname="tests/hillshade-method/multidirectional" name="tests/hillshade-method/multidirectional"/>
    <testcase classname="tests/hillshade-method/igor" name="tests/hillshade-method/igor"/>
    <testcase classname="tests/hillshade-method/combined" name="tests/hillshade-method/combined"/>
    <testcase classname="tests/hillshade-method/basic" name="tests/hillshade-method/basic"/>
    <testcase classname="tests/hillshade-maxzoom/overzoom" name="tests/hillshade-maxzoom/overzoom"/>
    <testcase classname="tests/hillshade-maxzoom/default" name="tests/hillshade-maxzoom/default"/>
    <testcase classname="tests/hillshade-illumination-altitude/combined-60" name="tests/hillshade-illumination-altitude/combined-60"/>
    <testcase classname="tests/hillshade-illumination-altitude/basic-90" name="tests/hillshade-illumination-altitude/basic-90"/>
    <testcase classname="tests/hillshade-illumination-altitude/basic-0" name="tests/hillshade-illumination-altitude/basic-0"/>
    <testcase classname="tests/hillshade-highlight-color/zoom-function" name="tests/hillshade-highlight-color/zoom-function"/>
    <testcase classname="tests/hillshade-highlight-color/literal" name="tests/hillshade-highlight-color/literal"/>
    <testcase classname="tests/hillshade-highlight-color/default" name="tests/hillshade-highlight-color/default"/>
    <testcase classname="tests/hillshade-accent-color/zoom-function" name="tests/hillshade-accent-color/zoom-function"/>
    <testcase classname="tests/hillshade-accent-color/terrarium" name="tests/hillshade-accent-color/terrarium"/>
    <testcase classname="tests/hillshade-accent-color/literal" name="tests/hillshade-accent-color/literal"/>
    <testcase classname="tests/hillshade-accent-color/default" name="tests/hillshade-accent-color/default"/>
    <testcase classname="tests/high-pitch/terrain-pitch95" name="tests/high-pitch/terrain-pitch95"/>
    <testcase classname="tests/high-pitch/pitch95-roll135" name="tests/high-pitch/pitch95-roll135"/>
    <testcase classname="tests/high-pitch/pitch95" name="tests/high-pitch/pitch95"/>
    <testcase classname="tests/heatmap-weight/literal" name="tests/heatmap-weight/literal"/>
    <testcase classname="tests/heatmap-weight/identity-property-function" name="tests/heatmap-weight/identity-property-function"/>
    <testcase classname="tests/heatmap-weight/default" name="tests/heatmap-weight/default"/>
    <testcase classname="tests/heatmap-radius/pitch30" name="tests/heatmap-radius/pitch30"/>
    <testcase classname="tests/heatmap-radius/literal" name="tests/heatmap-radius/literal"/>
    <testcase classname="tests/heatmap-radius/function" name="tests/heatmap-radius/function"/>
    <testcase classname="tests/heatmap-radius/default" name="tests/heatmap-radius/default"/>
    <testcase classname="tests/heatmap-radius/data-expression" name="tests/heatmap-radius/data-expression"/>
    <testcase classname="tests/heatmap-radius/antimeridian" name="tests/heatmap-radius/antimeridian"/>
    <testcase classname="tests/heatmap-opacity/literal" name="tests/heatmap-opacity/literal"/>
    <testcase classname="tests/heatmap-opacity/function" name="tests/heatmap-opacity/function"/>
    <testcase classname="tests/heatmap-opacity/default" name="tests/heatmap-opacity/default"/>
    <testcase classname="tests/heatmap-intensity/literal" name="tests/heatmap-intensity/literal"/>
    <testcase classname="tests/heatmap-intensity/function" name="tests/heatmap-intensity/function"/>
    <testcase classname="tests/heatmap-intensity/default" name="tests/heatmap-intensity/default"/>
    <testcase classname="tests/heatmap-color/expression" name="tests/heatmap-color/expression"/>
    <testcase classname="tests/heatmap-color/default" name="tests/heatmap-color/default"/>
    <testcase classname="tests/global-state/with-get" name="tests/global-state/with-get"/>
    <testcase classname="tests/global-state/with-feature-state/set-and-remove" name="tests/global-state/with-feature-state/set-and-remove"/>
    <testcase classname="tests/global-state/with-feature-state/basic" name="tests/global-state/with-feature-state/basic"/>
    <testcase classname="tests/global-state/set-property" name="tests/global-state/set-property"/>
    <testcase classname="tests/global-state/default" name="tests/global-state/default"/>
    <testcase classname="tests/global-state/basic" name="tests/global-state/basic"/>
    <testcase classname="tests/geometry-type/all-geometries" name="tests/geometry-type/all-geometries"/>
    <testcase classname="tests/geojson/reparse-overscaled" name="tests/geojson/reparse-overscaled"/>
    <testcase classname="tests/geojson/null-geometry" name="tests/geojson/null-geometry"/>
    <testcase classname="tests/geojson/inline-polygon-symbol" name="tests/geojson/inline-polygon-symbol"/>
    <testcase classname="tests/geojson/inline-polygon-line" name="tests/geojson/inline-polygon-line"/>
    <testcase classname="tests/geojson/inline-polygon-fill" name="tests/geojson/inline-polygon-fill"/>
    <testcase classname="tests/geojson/inline-polygon-circle" name="tests/geojson/inline-polygon-circle"/>
    <testcase classname="tests/geojson/inline-point-symbol" name="tests/geojson/inline-point-symbol"/>
    <testcase classname="tests/geojson/inline-point-line" name="tests/geojson/inline-point-line"/>
    <testcase classname="tests/geojson/inline-point-fill" name="tests/geojson/inline-point-fill"/>
    <testcase classname="tests/geojson/inline-point-circle" name="tests/geojson/inline-point-circle"/>
    <testcase classname="tests/geojson/inline-malformed" name="tests/geojson/inline-malformed"/>
    <testcase classname="tests/geojson/inline-linestring-symbol" name="tests/geojson/inline-linestring-symbol"/>
    <testcase classname="tests/geojson/inline-linestring-line" name="tests/geojson/inline-linestring-line"/>
    <testcase classname="tests/geojson/inline-linestring-circle" name="tests/geojson/inline-linestring-circle"/>
    <testcase classname="tests/geojson/inline-invalid" name="tests/geojson/inline-invalid"/>
    <testcase classname="tests/geojson/inline-feature" name="tests/geojson/inline-feature"/>
    <testcase classname="tests/geojson/inconsistent-winding-order" name="tests/geojson/inconsistent-winding-order"/>
    <testcase classname="tests/geojson/external-malformed" name="tests/geojson/external-malformed"/>
    <testcase classname="tests/geojson/external-linestring" name="tests/geojson/external-linestring"/>
    <testcase classname="tests/geojson/external-invalid" name="tests/geojson/external-invalid"/>
    <testcase classname="tests/geojson/external-feature" name="tests/geojson/external-feature"/>
    <testcase classname="tests/geojson/clustered-properties" name="tests/geojson/clustered-properties"/>
    <testcase classname="tests/geojson/clustered-filter" name="tests/geojson/clustered-filter"/>
    <testcase classname="tests/geojson/clustered" name="tests/geojson/clustered"/>
    <testcase classname="tests/filter/none" name="tests/filter/none"/>
    <testcase classname="tests/filter/modulo" name="tests/filter/modulo"/>
    <testcase classname="tests/filter/legacy-equality" name="tests/filter/legacy-equality"/>
    <testcase classname="tests/filter/in" name="tests/filter/in"/>
    <testcase classname="tests/filter/global-state" name="tests/filter/global-state"/>
    <testcase classname="tests/filter/equality" name="tests/filter/equality"/>
    <testcase classname="tests/fill-translate-anchor/viewport" name="tests/fill-translate-anchor/viewport"/>
    <testcase classname="tests/fill-translate-anchor/map" name="tests/fill-translate-anchor/map"/>
    <testcase classname="tests/fill-translate/literal" name="tests/fill-translate/literal"/>
    <testcase classname="tests/fill-translate/function" name="tests/fill-translate/function"/>
    <testcase classname="tests/fill-translate/default" name="tests/fill-translate/default"/>
    <testcase classname="tests/fill-sort-key/literal" name="tests/fill-sort-key/literal"/>
    <testcase classname="tests/fill-pattern/zoomed" name="tests/fill-pattern/zoomed"/>
    <testcase classname="tests/fill-pattern/wrapping-with-interpolation" name="tests/fill-pattern/wrapping-with-interpolation"/>
    <testcase classname="tests/fill-pattern/uneven-pattern" name="tests/fill-pattern/uneven-pattern"/>
    <testcase classname="tests/fill-pattern/precision" name="tests/fill-pattern/precision"/>
    <testcase classname="tests/fill-pattern/opacity" name="tests/fill-pattern/opacity"/>
    <testcase classname="tests/fill-pattern/missing" name="tests/fill-pattern/missing"/>
    <testcase classname="tests/fill-pattern/literal" name="tests/fill-pattern/literal"/>
    <testcase classname="tests/fill-pattern/invalid-feature-expression" name="tests/fill-pattern/invalid-feature-expression"/>
    <testcase classname="tests/fill-pattern/global-state" name="tests/fill-pattern/global-state"/>
    <testcase classname="tests/fill-pattern/case-data-expression" name="tests/fill-pattern/case-data-expression"/>
    <testcase classname="tests/fill-pattern/@2x" name="tests/fill-pattern/@2x"/>
    <testcase classname="tests/fill-pattern/3x-on-2x-add-image" name="tests/fill-pattern/3x-on-2x-add-image"/>
    <testcase classname="tests/fill-outside-tile" name="tests/fill-outside-tile"/>
    <testcase classname="tests/fill-outline-color/zoom-and-property-function" name="tests/fill-outline-color/zoom-and-property-function"/>
    <testcase classname="tests/fill-outline-color/property-function" name="tests/fill-outline-color/property-function"/>
    <testcase classname="tests/fill-outline-color/opacity" name="tests/fill-outline-color/opacity"/>
    <testcase classname="tests/fill-outline-color/multiply" name="tests/fill-outline-color/multiply"/>
    <testcase classname="tests/fill-outline-color/literal" name="tests/fill-outline-color/literal"/>
    <testcase classname="tests/fill-outline-color/function" name="tests/fill-outline-color/function"/>
    <testcase classname="tests/fill-outline-color/fill" name="tests/fill-outline-color/fill"/>
    <testcase classname="tests/fill-outline-color/default" name="tests/fill-outline-color/default"/>
    <testcase classname="tests/fill-opacity/zoom-and-property-function-pattern" name="tests/fill-opacity/zoom-and-property-function-pattern"/>
    <testcase classname="tests/fill-opacity/zoom-and-property-function" name="tests/fill-opacity/zoom-and-property-function"/>
    <testcase classname="tests/fill-opacity/property-function-pattern" name="tests/fill-opacity/property-function-pattern"/>
    <testcase classname="tests/fill-opacity/property-function" name="tests/fill-opacity/property-function"/>
    <testcase classname="tests/fill-opacity/overlapping" name="tests/fill-opacity/overlapping"/>
    <testcase classname="tests/fill-opacity/opaque-fill-over-symbol-layer" name="tests/fill-opacity/opaque-fill-over-symbol-layer"/>
    <testcase classname="tests/fill-opacity/literal" name="tests/fill-opacity/literal"/>
    <testcase classname="tests/fill-opacity/function" name="tests/fill-opacity/function"/>
    <testcase classname="tests/fill-opacity/default" name="tests/fill-opacity/default"/>
    <testcase classname="tests/fill-extrusion-vertical-gradient/false" name="tests/fill-extrusion-vertical-gradient/false"/>
    <testcase classname="tests/fill-extrusion-vertical-gradient/default" name="tests/fill-extrusion-vertical-gradient/default"/>
    <testcase classname="tests/fill-extrusion-translate-anchor/viewport" name="tests/fill-extrusion-translate-anchor/viewport"/>
    <testcase classname="tests/fill-extrusion-translate-anchor/map" name="tests/fill-extrusion-translate-anchor/map"/>
    <testcase classname="tests/fill-extrusion-translate/literal-opacity" name="tests/fill-extrusion-translate/literal-opacity"/>
    <testcase classname="tests/fill-extrusion-translate/literal" name="tests/fill-extrusion-translate/literal"/>
    <testcase classname="tests/fill-extrusion-translate/function" name="tests/fill-extrusion-translate/function"/>
    <testcase classname="tests/fill-extrusion-translate/default" name="tests/fill-extrusion-translate/default"/>
    <testcase classname="tests/fill-extrusion-pattern/opacity" name="tests/fill-extrusion-pattern/opacity"/>
    <testcase classname="tests/fill-extrusion-pattern/missing" name="tests/fill-extrusion-pattern/missing"/>
    <testcase classname="tests/fill-extrusion-pattern/literal" name="tests/fill-extrusion-pattern/literal"/>
    <testcase classname="tests/fill-extrusion-pattern/global-state" name="tests/fill-extrusion-pattern/global-state"/>
    <testcase classname="tests/fill-extrusion-pattern/function-2" name="tests/fill-extrusion-pattern/function-2"/>
    <testcase classname="tests/fill-extrusion-pattern/function" name="tests/fill-extrusion-pattern/function"/>
    <testcase classname="tests/fill-extrusion-pattern/feature-expression" name="tests/fill-extrusion-pattern/feature-expression"/>
    <testcase classname="tests/fill-extrusion-pattern/@2x" name="tests/fill-extrusion-pattern/@2x"/>
    <testcase classname="tests/fill-extrusion-pattern/2x-on-1x-add-image-dds" name="tests/fill-extrusion-pattern/2x-on-1x-add-image-dds"/>
    <testcase classname="tests/fill-extrusion-opacity/literal" name="tests/fill-extrusion-opacity/literal"/>
    <testcase classname="tests/fill-extrusion-opacity/function" name="tests/fill-extrusion-opacity/function"/>
    <testcase classname="tests/fill-extrusion-opacity/default" name="tests/fill-extrusion-opacity/default"/>
    <testcase classname="tests/fill-extrusion-multiple/multiple" name="tests/fill-extrusion-multiple/multiple"/>
    <testcase classname="tests/fill-extrusion-multiple/interleaved-layers" name="tests/fill-extrusion-multiple/interleaved-layers"/>
    <testcase classname="tests/fill-extrusion-height/zoom-and-property-function" name="tests/fill-extrusion-height/zoom-and-property-function"/>
    <testcase classname="tests/fill-extrusion-height/property-function" name="tests/fill-extrusion-height/property-function"/>
    <testcase classname="tests/fill-extrusion-height/negative" name="tests/fill-extrusion-height/negative"/>
    <testcase classname="tests/fill-extrusion-height/function" name="tests/fill-extrusion-height/function"/>
    <testcase classname="tests/fill-extrusion-height/default" name="tests/fill-extrusion-height/default"/>
    <testcase classname="tests/fill-extrusion-geometry/linestring" name="tests/fill-extrusion-geometry/linestring"/>
    <testcase classname="tests/fill-extrusion-color/zoom-and-property-function" name="tests/fill-extrusion-color/zoom-and-property-function"/>
    <testcase classname="tests/fill-extrusion-color/property-function" name="tests/fill-extrusion-color/property-function"/>
    <testcase classname="tests/fill-extrusion-color/no-alpha-no-multiply" name="tests/fill-extrusion-color/no-alpha-no-multiply"/>
    <testcase classname="tests/fill-extrusion-color/literal" name="tests/fill-extrusion-color/literal"/>
    <testcase classname="tests/fill-extrusion-color/global-state-with-get" name="tests/fill-extrusion-color/global-state-with-get"/>
    <testcase classname="tests/fill-extrusion-color/global-state" name="tests/fill-extrusion-color/global-state"/>
    <testcase classname="tests/fill-extrusion-color/function" name="tests/fill-extrusion-color/function"/>
    <testcase classname="tests/fill-extrusion-color/default" name="tests/fill-extrusion-color/default"/>
    <testcase classname="tests/fill-extrusion-base/zoom-and-property-function" name="tests/fill-extrusion-base/zoom-and-property-function"/>
    <testcase classname="tests/fill-extrusion-base/property-function" name="tests/fill-extrusion-base/property-function"/>
    <testcase classname="tests/fill-extrusion-base/negative" name="tests/fill-extrusion-base/negative"/>
    <testcase classname="tests/fill-extrusion-base/literal" name="tests/fill-extrusion-base/literal"/>
    <testcase classname="tests/fill-extrusion-base/function" name="tests/fill-extrusion-base/function"/>
    <testcase classname="tests/fill-extrusion-base/default" name="tests/fill-extrusion-base/default"/>
    <testcase classname="tests/fill-color/zoom-and-property-function" name="tests/fill-color/zoom-and-property-function"/>
    <testcase classname="tests/fill-color/property-function" name="tests/fill-color/property-function"/>
    <testcase classname="tests/fill-color/opacity" name="tests/fill-color/opacity"/>
    <testcase classname="tests/fill-color/multiply" name="tests/fill-color/multiply"/>
    <testcase classname="tests/fill-color/literal" name="tests/fill-color/literal"/>
    <testcase classname="tests/fill-color/global-state-with-get" name="tests/fill-color/global-state-with-get"/>
    <testcase classname="tests/fill-color/global-state" name="tests/fill-color/global-state"/>
    <testcase classname="tests/fill-color/function" name="tests/fill-color/function"/>
    <testcase classname="tests/fill-color/default" name="tests/fill-color/default"/>
    <testcase classname="tests/fill-antialias/false" name="tests/fill-antialias/false"/>
    <testcase classname="tests/field-of-view/field-of-view-90" name="tests/field-of-view/field-of-view-90"/>
    <testcase classname="tests/field-of-view/field-of-view-150" name="tests/field-of-view/field-of-view-150"/>
    <testcase classname="tests/field-of-view/field-of-view-10" name="tests/field-of-view/field-of-view-10"/>
    <testcase classname="tests/field-of-view/default" name="tests/field-of-view/default"/>
    <testcase classname="tests/feature-state/with-global-state" name="tests/feature-state/with-global-state"/>
    <testcase classname="tests/feature-state/vector-source" name="tests/feature-state/vector-source"/>
    <testcase classname="tests/feature-state/promote-id-symbol" name="tests/feature-state/promote-id-symbol"/>
    <testcase classname="tests/feature-state/promote-id-line" name="tests/feature-state/promote-id-line"/>
    <testcase classname="tests/feature-state/promote-id-fill-extrusion" name="tests/feature-state/promote-id-fill-extrusion"/>
    <testcase classname="tests/feature-state/promote-id-fill" name="tests/feature-state/promote-id-fill"/>
    <testcase classname="tests/feature-state/promote-id-circle" name="tests/feature-state/promote-id-circle"/>
    <testcase classname="tests/feature-state/data-expression" name="tests/feature-state/data-expression"/>
    <testcase classname="tests/feature-state/composite-expression" name="tests/feature-state/composite-expression"/>
    <testcase classname="tests/extent/1024-line" name="tests/extent/1024-line"/>
    <testcase classname="tests/extent/1024-fill" name="tests/extent/1024-fill"/>
    <testcase classname="tests/extent/1024-circle" name="tests/extent/1024-circle"/>
    <testcase classname="tests/empty/empty" name="tests/empty/empty"/>
    <testcase classname="tests/distance/paint-text" name="tests/distance/paint-text"/>
    <testcase classname="tests/debug/tile-raster" name="tests/debug/tile-raster"/>
    <testcase classname="tests/debug/tile" name="tests/debug/tile"/>
    <testcase classname="tests/debug/raster" name="tests/debug/raster"/>
    <testcase classname="tests/debug/padding/set-padding" name="tests/debug/padding/set-padding"/>
    <testcase classname="tests/debug/padding/ease-to-top-distort" name="tests/debug/padding/ease-to-top-distort"/>
    <testcase classname="tests/debug/padding/ease-to-right-distort" name="tests/debug/padding/ease-to-right-distort"/>
    <testcase classname="tests/debug/padding/ease-to-no-distort" name="tests/debug/padding/ease-to-no-distort"/>
    <testcase classname="tests/debug/padding/ease-to-left-distort" name="tests/debug/padding/ease-to-left-distort"/>
    <testcase classname="tests/debug/padding/ease-to-btm-distort" name="tests/debug/padding/ease-to-btm-distort"/>
    <testcase classname="tests/debug/overdraw" name="tests/debug/overdraw"/>
    <testcase classname="tests/debug/collision-variable-anchor/rotated" name="tests/debug/collision-variable-anchor/rotated"/>
    <testcase classname="tests/debug/collision-variable-anchor/pitched-and-rotated" name="tests/debug/collision-variable-anchor/pitched-and-rotated"/>
    <testcase classname="tests/debug/collision-variable-anchor/pitched" name="tests/debug/collision-variable-anchor/pitched"/>
    <testcase classname="tests/debug/collision-variable-anchor/base" name="tests/debug/collision-variable-anchor/base"/>
    <testcase classname="tests/debug/collision-text-translate/rotation-alignment-viewport/pitch-alignment-viewport/text-translate-anchor-viewport" name="tests/debug/collision-text-translate/rotation-alignment-viewport/pitch-alignment-viewport/text-translate-anchor-viewport"/>
    <testcase classname="tests/debug/collision-text-translate/rotation-alignment-viewport/pitch-alignment-viewport/text-translate-anchor-map" name="tests/debug/collision-text-translate/rotation-alignment-viewport/pitch-alignment-viewport/text-translate-anchor-map"/>
    <testcase classname="tests/debug/collision-text-translate/rotation-alignment-viewport/pitch-alignment-map/text-translate-anchor-viewport" name="tests/debug/collision-text-translate/rotation-alignment-viewport/pitch-alignment-map/text-translate-anchor-viewport"/>
    <testcase classname="tests/debug/collision-text-translate/rotation-alignment-viewport/pitch-alignment-map/text-translate-anchor-map" name="tests/debug/collision-text-translate/rotation-alignment-viewport/pitch-alignment-map/text-translate-anchor-map"/>
    <testcase classname="tests/debug/collision-text-translate/rotation-alignment-map/pitch-alignment-viewport/text-translate-anchor-viewport" name="tests/debug/collision-text-translate/rotation-alignment-map/pitch-alignment-viewport/text-translate-anchor-viewport"/>
    <testcase classname="tests/debug/collision-text-translate/rotation-alignment-map/pitch-alignment-viewport/text-translate-anchor-map" name="tests/debug/collision-text-translate/rotation-alignment-map/pitch-alignment-viewport/text-translate-anchor-map"/>
    <testcase classname="tests/debug/collision-text-translate/rotation-alignment-map/pitch-alignment-map/text-translate-anchor-viewport" name="tests/debug/collision-text-translate/rotation-alignment-map/pitch-alignment-map/text-translate-anchor-viewport"/>
    <testcase classname="tests/debug/collision-text-translate/rotation-alignment-map/pitch-alignment-map/text-translate-anchor-map" name="tests/debug/collision-text-translate/rotation-alignment-map/pitch-alignment-map/text-translate-anchor-map"/>
    <testcase classname="tests/debug/collision-pitched-wrapped" name="tests/debug/collision-pitched-wrapped"/>
    <testcase classname="tests/debug/collision-pitched" name="tests/debug/collision-pitched"/>
    <testcase classname="tests/debug/collision-pitch-with-map-distant" name="tests/debug/collision-pitch-with-map-distant"/>
    <testcase classname="tests/debug/collision-overscaled" name="tests/debug/collision-overscaled"/>
    <testcase classname="tests/debug/collision-lines-simple-words-pitched" name="tests/debug/collision-lines-simple-words-pitched"/>
    <testcase classname="tests/debug/collision-lines-simple-words" name="tests/debug/collision-lines-simple-words"/>
    <testcase classname="tests/debug/collision-lines-pitched-2" name="tests/debug/collision-lines-pitched-2"/>
    <testcase classname="tests/debug/collision-lines-pitched" name="tests/debug/collision-lines-pitched"/>
    <testcase classname="tests/debug/collision-lines-overscaled" name="tests/debug/collision-lines-overscaled"/>
    <testcase classname="tests/debug/collision-lines-notocjk" name="tests/debug/collision-lines-notocjk"/>
    <testcase classname="tests/debug/collision-lines-large-font" name="tests/debug/collision-lines-large-font"/>
    <testcase classname="tests/debug/collision-lines" name="tests/debug/collision-lines"/>
    <testcase classname="tests/debug/collision-icon-text-point-translate" name="tests/debug/collision-icon-text-point-translate"/>
    <testcase classname="tests/debug/collision-icon-text-line-translate" name="tests/debug/collision-icon-text-line-translate"/>
    <testcase classname="tests/debug/collision-horizon-cutoff" name="tests/debug/collision-horizon-cutoff"/>
    <testcase classname="tests/debug/collision" name="tests/debug/collision"/>
    <testcase classname="tests/custom-layer-js/tent-3d" name="tests/custom-layer-js/tent-3d"/>
    <testcase classname="tests/custom-layer-js/null-island" name="tests/custom-layer-js/null-island"/>
    <testcase classname="tests/custom-layer-js/depth" name="tests/custom-layer-js/depth"/>
    <testcase classname="tests/combinations/symbol-translucent--symbol-translucent" name="tests/combinations/symbol-translucent--symbol-translucent"/>
    <testcase classname="tests/combinations/symbol-translucent--raster-translucent" name="tests/combinations/symbol-translucent--raster-translucent"/>
    <testcase classname="tests/combinations/symbol-translucent--line-translucent" name="tests/combinations/symbol-translucent--line-translucent"/>
    <testcase classname="tests/combinations/symbol-translucent--hillshade-translucent" name="tests/combinations/symbol-translucent--hillshade-translucent"/>
    <testcase classname="tests/combinations/symbol-translucent--heatmap-translucent" name="tests/combinations/symbol-translucent--heatmap-translucent"/>
    <testcase classname="tests/combinations/symbol-translucent--fill-translucent" name="tests/combinations/symbol-translucent--fill-translucent"/>
    <testcase classname="tests/combinations/symbol-translucent--fill-opaque" name="tests/combinations/symbol-translucent--fill-opaque"/>
    <testcase classname="tests/combinations/symbol-translucent--fill-extrusion-translucent" name="tests/combinations/symbol-translucent--fill-extrusion-translucent"/>
    <testcase classname="tests/combinations/symbol-translucent--circle-translucent" name="tests/combinations/symbol-translucent--circle-translucent"/>
    <testcase classname="tests/combinations/symbol-translucent--background-translucent" name="tests/combinations/symbol-translucent--background-translucent"/>
    <testcase classname="tests/combinations/symbol-translucent--background-opaque" name="tests/combinations/symbol-translucent--background-opaque"/>
    <testcase classname="tests/combinations/raster-translucent--symbol-translucent" name="tests/combinations/raster-translucent--symbol-translucent"/>
    <testcase classname="tests/combinations/raster-translucent--raster-translucent" name="tests/combinations/raster-translucent--raster-translucent"/>
    <testcase classname="tests/combinations/raster-translucent--line-translucent" name="tests/combinations/raster-translucent--line-translucent"/>
    <testcase classname="tests/combinations/raster-translucent--hillshade-translucent" name="tests/combinations/raster-translucent--hillshade-translucent"/>
    <testcase classname="tests/combinations/raster-translucent--heatmap-translucent" name="tests/combinations/raster-translucent--heatmap-translucent"/>
    <testcase classname="tests/combinations/raster-translucent--fill-translucent" name="tests/combinations/raster-translucent--fill-translucent"/>
    <testcase classname="tests/combinations/raster-translucent--fill-opaque" name="tests/combinations/raster-translucent--fill-opaque"/>
    <testcase classname="tests/combinations/raster-translucent--fill-extrusion-translucent" name="tests/combinations/raster-translucent--fill-extrusion-translucent"/>
    <testcase classname="tests/combinations/raster-translucent--circle-translucent" name="tests/combinations/raster-translucent--circle-translucent"/>
    <testcase classname="tests/combinations/raster-translucent--background-translucent" name="tests/combinations/raster-translucent--background-translucent"/>
    <testcase classname="tests/combinations/raster-translucent--background-opaque" name="tests/combinations/raster-translucent--background-opaque"/>
    <testcase classname="tests/combinations/line-translucent--symbol-translucent" name="tests/combinations/line-translucent--symbol-translucent"/>
    <testcase classname="tests/combinations/line-translucent--raster-translucent" name="tests/combinations/line-translucent--raster-translucent"/>
    <testcase classname="tests/combinations/line-translucent--line-translucent" name="tests/combinations/line-translucent--line-translucent"/>
    <testcase classname="tests/combinations/line-translucent--hillshade-translucent" name="tests/combinations/line-translucent--hillshade-translucent"/>
    <testcase classname="tests/combinations/line-translucent--heatmap-translucent" name="tests/combinations/line-translucent--heatmap-translucent"/>
    <testcase classname="tests/combinations/line-translucent--fill-translucent" name="tests/combinations/line-translucent--fill-translucent"/>
    <testcase classname="tests/combinations/line-translucent--fill-opaque" name="tests/combinations/line-translucent--fill-opaque"/>
    <testcase classname="tests/combinations/line-translucent--fill-extrusion-translucent" name="tests/combinations/line-translucent--fill-extrusion-translucent"/>
    <testcase classname="tests/combinations/line-translucent--circle-translucent" name="tests/combinations/line-translucent--circle-translucent"/>
    <testcase classname="tests/combinations/line-translucent--background-translucent" name="tests/combinations/line-translucent--background-translucent"/>
    <testcase classname="tests/combinations/line-translucent--background-opaque" name="tests/combinations/line-translucent--background-opaque"/>
    <testcase classname="tests/combinations/hillshade-translucent--symbol-translucent" name="tests/combinations/hillshade-translucent--symbol-translucent"/>
    <testcase classname="tests/combinations/hillshade-translucent--raster-translucent" name="tests/combinations/hillshade-translucent--raster-translucent"/>
    <testcase classname="tests/combinations/hillshade-translucent--line-translucent" name="tests/combinations/hillshade-translucent--line-translucent"/>
    <testcase classname="tests/combinations/hillshade-translucent--hillshade-translucent" name="tests/combinations/hillshade-translucent--hillshade-translucent"/>
    <testcase classname="tests/combinations/hillshade-translucent--heatmap-translucent" name="tests/combinations/hillshade-translucent--heatmap-translucent"/>
    <testcase classname="tests/combinations/hillshade-translucent--fill-translucent" name="tests/combinations/hillshade-translucent--fill-translucent"/>
    <testcase classname="tests/combinations/hillshade-translucent--fill-opaque" name="tests/combinations/hillshade-translucent--fill-opaque"/>
    <testcase classname="tests/combinations/hillshade-translucent--fill-extrusion-translucent" name="tests/combinations/hillshade-translucent--fill-extrusion-translucent"/>
    <testcase classname="tests/combinations/hillshade-translucent--circle-translucent" name="tests/combinations/hillshade-translucent--circle-translucent"/>
    <testcase classname="tests/combinations/hillshade-translucent--background-translucent" name="tests/combinations/hillshade-translucent--background-translucent"/>
    <testcase classname="tests/combinations/hillshade-translucent--background-opaque" name="tests/combinations/hillshade-translucent--background-opaque"/>
    <testcase classname="tests/combinations/heatmap-translucent--symbol-translucent" name="tests/combinations/heatmap-translucent--symbol-translucent"/>
    <testcase classname="tests/combinations/heatmap-translucent--raster-translucent" name="tests/combinations/heatmap-translucent--raster-translucent"/>
    <testcase classname="tests/combinations/heatmap-translucent--line-translucent" name="tests/combinations/heatmap-translucent--line-translucent"/>
    <testcase classname="tests/combinations/heatmap-translucent--hillshade-translucent" name="tests/combinations/heatmap-translucent--hillshade-translucent"/>
    <testcase classname="tests/combinations/heatmap-translucent--heatmap-translucent" name="tests/combinations/heatmap-translucent--heatmap-translucent"/>
    <testcase classname="tests/combinations/heatmap-translucent--fill-translucent" name="tests/combinations/heatmap-translucent--fill-translucent"/>
    <testcase classname="tests/combinations/heatmap-translucent--fill-opaque" name="tests/combinations/heatmap-translucent--fill-opaque"/>
    <testcase classname="tests/combinations/heatmap-translucent--fill-extrusion-translucent" name="tests/combinations/heatmap-translucent--fill-extrusion-translucent"/>
    <testcase classname="tests/combinations/heatmap-translucent--circle-translucent" name="tests/combinations/heatmap-translucent--circle-translucent"/>
    <testcase classname="tests/combinations/heatmap-translucent--background-translucent" name="tests/combinations/heatmap-translucent--background-translucent"/>
    <testcase classname="tests/combinations/heatmap-translucent--background-opaque" name="tests/combinations/heatmap-translucent--background-opaque"/>
    <testcase classname="tests/combinations/fill-translucent--symbol-translucent" name="tests/combinations/fill-translucent--symbol-translucent"/>
    <testcase classname="tests/combinations/fill-translucent--raster-translucent" name="tests/combinations/fill-translucent--raster-translucent"/>
    <testcase classname="tests/combinations/fill-translucent--line-translucent" name="tests/combinations/fill-translucent--line-translucent"/>
    <testcase classname="tests/combinations/fill-translucent--hillshade-translucent" name="tests/combinations/fill-translucent--hillshade-translucent"/>
    <testcase classname="tests/combinations/fill-translucent--heatmap-translucent" name="tests/combinations/fill-translucent--heatmap-translucent"/>
    <testcase classname="tests/combinations/fill-translucent--fill-translucent" name="tests/combinations/fill-translucent--fill-translucent"/>
    <testcase classname="tests/combinations/fill-translucent--fill-opaque" name="tests/combinations/fill-translucent--fill-opaque"/>
    <testcase classname="tests/combinations/fill-translucent--fill-extrusion-translucent" name="tests/combinations/fill-translucent--fill-extrusion-translucent"/>
    <testcase classname="tests/combinations/fill-translucent--circle-translucent" name="tests/combinations/fill-translucent--circle-translucent"/>
    <testcase classname="tests/combinations/fill-translucent--background-translucent" name="tests/combinations/fill-translucent--background-translucent"/>
    <testcase classname="tests/combinations/fill-translucent--background-opaque" name="tests/combinations/fill-translucent--background-opaque"/>
    <testcase classname="tests/combinations/fill-opaque--symbol-translucent" name="tests/combinations/fill-opaque--symbol-translucent"/>
    <testcase classname="tests/combinations/fill-opaque--raster-translucent" name="tests/combinations/fill-opaque--raster-translucent"/>
    <testcase classname="tests/combinations/fill-opaque--line-translucent" name="tests/combinations/fill-opaque--line-translucent"/>
    <testcase classname="tests/combinations/fill-opaque--hillshade-translucent" name="tests/combinations/fill-opaque--hillshade-translucent"/>
    <testcase classname="tests/combinations/fill-opaque--heatmap-translucent" name="tests/combinations/fill-opaque--heatmap-translucent"/>
    <testcase classname="tests/combinations/fill-opaque--fill-translucent" name="tests/combinations/fill-opaque--fill-translucent"/>
    <testcase classname="tests/combinations/fill-opaque--fill-opaque" name="tests/combinations/fill-opaque--fill-opaque"/>
    <testcase classname="tests/combinations/fill-opaque--fill-extrusion-translucent" name="tests/combinations/fill-opaque--fill-extrusion-translucent"/>
    <testcase classname="tests/combinations/fill-opaque--circle-translucent" name="tests/combinations/fill-opaque--circle-translucent"/>
    <testcase classname="tests/combinations/fill-opaque--background-translucent" name="tests/combinations/fill-opaque--background-translucent"/>
    <testcase classname="tests/combinations/fill-opaque--background-opaque" name="tests/combinations/fill-opaque--background-opaque"/>
    <testcase classname="tests/combinations/fill-extrusion-translucent--symbol-translucent" name="tests/combinations/fill-extrusion-translucent--symbol-translucent"/>
    <testcase classname="tests/combinations/fill-extrusion-translucent--raster-translucent" name="tests/combinations/fill-extrusion-translucent--raster-translucent"/>
    <testcase classname="tests/combinations/fill-extrusion-translucent--line-translucent" name="tests/combinations/fill-extrusion-translucent--line-translucent"/>
    <testcase classname="tests/combinations/fill-extrusion-translucent--hillshade-translucent" name="tests/combinations/fill-extrusion-translucent--hillshade-translucent"/>
    <testcase classname="tests/combinations/fill-extrusion-translucent--heatmap-translucent" name="tests/combinations/fill-extrusion-translucent--heatmap-translucent"/>
    <testcase classname="tests/combinations/fill-extrusion-translucent--fill-translucent" name="tests/combinations/fill-extrusion-translucent--fill-translucent"/>
    <testcase classname="tests/combinations/fill-extrusion-translucent--fill-opaque" name="tests/combinations/fill-extrusion-translucent--fill-opaque"/>
    <testcase classname="tests/combinations/fill-extrusion-translucent--fill-extrusion-translucent" name="tests/combinations/fill-extrusion-translucent--fill-extrusion-translucent"/>
    <testcase classname="tests/combinations/fill-extrusion-translucent--circle-translucent" name="tests/combinations/fill-extrusion-translucent--circle-translucent"/>
    <testcase classname="tests/combinations/fill-extrusion-translucent--background-translucent" name="tests/combinations/fill-extrusion-translucent--background-translucent"/>
    <testcase classname="tests/combinations/fill-extrusion-translucent--background-opaque" name="tests/combinations/fill-extrusion-translucent--background-opaque"/>
    <testcase classname="tests/combinations/fill-extrusion--fill-translucent" name="tests/combinations/fill-extrusion--fill-translucent"/>
    <testcase classname="tests/combinations/fill-extrusion--fill-opaque" name="tests/combinations/fill-extrusion--fill-opaque"/>
    <testcase classname="tests/combinations/circle-translucent--symbol-translucent" name="tests/combinations/circle-translucent--symbol-translucent"/>
    <testcase classname="tests/combinations/circle-translucent--raster-translucent" name="tests/combinations/circle-translucent--raster-translucent"/>
    <testcase classname="tests/combinations/circle-translucent--line-translucent" name="tests/combinations/circle-translucent--line-translucent"/>
    <testcase classname="tests/combinations/circle-translucent--hillshade-translucent" name="tests/combinations/circle-translucent--hillshade-translucent"/>
    <testcase classname="tests/combinations/circle-translucent--heatmap-translucent" name="tests/combinations/circle-translucent--heatmap-translucent"/>
    <testcase classname="tests/combinations/circle-translucent--fill-translucent" name="tests/combinations/circle-translucent--fill-translucent"/>
    <testcase classname="tests/combinations/circle-translucent--fill-opaque" name="tests/combinations/circle-translucent--fill-opaque"/>
    <testcase classname="tests/combinations/circle-translucent--fill-extrusion-translucent" name="tests/combinations/circle-translucent--fill-extrusion-translucent"/>
    <testcase classname="tests/combinations/circle-translucent--circle-translucent" name="tests/combinations/circle-translucent--circle-translucent"/>
    <testcase classname="tests/combinations/circle-translucent--background-translucent" name="tests/combinations/circle-translucent--background-translucent"/>
    <testcase classname="tests/combinations/circle-translucent--background-opaque" name="tests/combinations/circle-translucent--background-opaque"/>
    <testcase classname="tests/combinations/background-translucent--symbol-translucent" name="tests/combinations/background-translucent--symbol-translucent"/>
    <testcase classname="tests/combinations/background-translucent--raster-translucent" name="tests/combinations/background-translucent--raster-translucent"/>
    <testcase classname="tests/combinations/background-translucent--line-translucent" name="tests/combinations/background-translucent--line-translucent"/>
    <testcase classname="tests/combinations/background-translucent--hillshade-translucent" name="tests/combinations/background-translucent--hillshade-translucent"/>
    <testcase classname="tests/combinations/background-translucent--heatmap-translucent" name="tests/combinations/background-translucent--heatmap-translucent"/>
    <testcase classname="tests/combinations/background-translucent--fill-translucent" name="tests/combinations/background-translucent--fill-translucent"/>
    <testcase classname="tests/combinations/background-translucent--fill-opaque" name="tests/combinations/background-translucent--fill-opaque"/>
    <testcase classname="tests/combinations/background-translucent--fill-extrusion-translucent" name="tests/combinations/background-translucent--fill-extrusion-translucent"/>
    <testcase classname="tests/combinations/background-translucent--circle-translucent" name="tests/combinations/background-translucent--circle-translucent"/>
    <testcase classname="tests/combinations/background-translucent--background-translucent" name="tests/combinations/background-translucent--background-translucent"/>
    <testcase classname="tests/combinations/background-translucent--background-opaque" name="tests/combinations/background-translucent--background-opaque"/>
    <testcase classname="tests/combinations/background-opaque--symbol-translucent" name="tests/combinations/background-opaque--symbol-translucent"/>
    <testcase classname="tests/combinations/background-opaque--raster-translucent" name="tests/combinations/background-opaque--raster-translucent"/>
    <testcase classname="tests/combinations/background-opaque--line-translucent" name="tests/combinations/background-opaque--line-translucent"/>
    <testcase classname="tests/combinations/background-opaque--hillshade-translucent" name="tests/combinations/background-opaque--hillshade-translucent"/>
    <testcase classname="tests/combinations/background-opaque--heatmap-translucent" name="tests/combinations/background-opaque--heatmap-translucent"/>
    <testcase classname="tests/combinations/background-opaque--fill-translucent" name="tests/combinations/background-opaque--fill-translucent"/>
    <testcase classname="tests/combinations/background-opaque--fill-opaque" name="tests/combinations/background-opaque--fill-opaque"/>
    <testcase classname="tests/combinations/background-opaque--fill-extrusion-translucent" name="tests/combinations/background-opaque--fill-extrusion-translucent"/>
    <testcase classname="tests/combinations/background-opaque--circle-translucent" name="tests/combinations/background-opaque--circle-translucent"/>
    <testcase classname="tests/combinations/background-opaque--background-translucent" name="tests/combinations/background-opaque--background-translucent"/>
    <testcase classname="tests/combinations/background-opaque--background-opaque" name="tests/combinations/background-opaque--background-opaque"/>
    <testcase classname="tests/color-relief/transparency" name="tests/color-relief/transparency"/>
    <testcase classname="tests/color-relief/rainbow" name="tests/color-relief/rainbow"/>
    <testcase classname="tests/color-relief/opacity" name="tests/color-relief/opacity"/>
    <testcase classname="tests/color-relief/hillshade" name="tests/color-relief/hillshade"/>
    <testcase classname="tests/collator/resolved-locale" name="tests/collator/resolved-locale"/>
    <testcase classname="tests/collator/default" name="tests/collator/default"/>
    <testcase classname="tests/circle-translate-anchor/viewport" name="tests/circle-translate-anchor/viewport"/>
    <testcase classname="tests/circle-translate-anchor/map" name="tests/circle-translate-anchor/map"/>
    <testcase classname="tests/circle-translate/literal" name="tests/circle-translate/literal"/>
    <testcase classname="tests/circle-translate/function" name="tests/circle-translate/function"/>
    <testcase classname="tests/circle-translate/default" name="tests/circle-translate/default"/>
    <testcase classname="tests/circle-stroke-width/zoom-and-property-function" name="tests/circle-stroke-width/zoom-and-property-function"/>
    <testcase classname="tests/circle-stroke-width/property-function" name="tests/circle-stroke-width/property-function"/>
    <testcase classname="tests/circle-stroke-width/literal" name="tests/circle-stroke-width/literal"/>
    <testcase classname="tests/circle-stroke-width/function" name="tests/circle-stroke-width/function"/>
    <testcase classname="tests/circle-stroke-width/default" name="tests/circle-stroke-width/default"/>
    <testcase classname="tests/circle-stroke-opacity/zoom-and-property-function" name="tests/circle-stroke-opacity/zoom-and-property-function"/>
    <testcase classname="tests/circle-stroke-opacity/stroke-only" name="tests/circle-stroke-opacity/stroke-only"/>
    <testcase classname="tests/circle-stroke-opacity/property-function" name="tests/circle-stroke-opacity/property-function"/>
    <testcase classname="tests/circle-stroke-opacity/literal" name="tests/circle-stroke-opacity/literal"/>
    <testcase classname="tests/circle-stroke-opacity/function" name="tests/circle-stroke-opacity/function"/>
    <testcase classname="tests/circle-stroke-opacity/default" name="tests/circle-stroke-opacity/default"/>
    <testcase classname="tests/circle-stroke-color/zoom-and-property-function" name="tests/circle-stroke-color/zoom-and-property-function"/>
    <testcase classname="tests/circle-stroke-color/property-function" name="tests/circle-stroke-color/property-function"/>
    <testcase classname="tests/circle-stroke-color/literal" name="tests/circle-stroke-color/literal"/>
    <testcase classname="tests/circle-stroke-color/function" name="tests/circle-stroke-color/function"/>
    <testcase classname="tests/circle-stroke-color/default" name="tests/circle-stroke-color/default"/>
    <testcase classname="tests/circle-sort-key/data-driven" name="tests/circle-sort-key/data-driven"/>
    <testcase classname="tests/circle-radius/zoom-and-property-function" name="tests/circle-radius/zoom-and-property-function"/>
    <testcase classname="tests/circle-radius/property-function" name="tests/circle-radius/property-function"/>
    <testcase classname="tests/circle-radius/literal" name="tests/circle-radius/literal"/>
    <testcase classname="tests/circle-radius/global-state-with-get" name="tests/circle-radius/global-state-with-get"/>
    <testcase classname="tests/circle-radius/global-state" name="tests/circle-radius/global-state"/>
    <testcase classname="tests/circle-radius/function" name="tests/circle-radius/function"/>
    <testcase classname="tests/circle-radius/default" name="tests/circle-radius/default"/>
    <testcase classname="tests/circle-radius/antimeridian" name="tests/circle-radius/antimeridian"/>
    <testcase classname="tests/circle-pitch-scale/viewport" name="tests/circle-pitch-scale/viewport"/>
    <testcase classname="tests/circle-pitch-scale/map" name="tests/circle-pitch-scale/map"/>
    <testcase classname="tests/circle-pitch-scale/default" name="tests/circle-pitch-scale/default"/>
    <testcase classname="tests/circle-pitch-alignment/viewport-scale-viewport" name="tests/circle-pitch-alignment/viewport-scale-viewport"/>
    <testcase classname="tests/circle-pitch-alignment/viewport-scale-map" name="tests/circle-pitch-alignment/viewport-scale-map"/>
    <testcase classname="tests/circle-pitch-alignment/map-scale-viewport" name="tests/circle-pitch-alignment/map-scale-viewport"/>
    <testcase classname="tests/circle-pitch-alignment/map-scale-map" name="tests/circle-pitch-alignment/map-scale-map"/>
    <testcase classname="tests/circle-opacity/zoom-and-property-function" name="tests/circle-opacity/zoom-and-property-function"/>
    <testcase classname="tests/circle-opacity/property-function" name="tests/circle-opacity/property-function"/>
    <testcase classname="tests/circle-opacity/literal" name="tests/circle-opacity/literal"/>
    <testcase classname="tests/circle-opacity/function" name="tests/circle-opacity/function"/>
    <testcase classname="tests/circle-opacity/default" name="tests/circle-opacity/default"/>
    <testcase classname="tests/circle-opacity/blending" name="tests/circle-opacity/blending"/>
    <testcase classname="tests/circle-geometry/polygon" name="tests/circle-geometry/polygon"/>
    <testcase classname="tests/circle-geometry/point" name="tests/circle-geometry/point"/>
    <testcase classname="tests/circle-geometry/multipolygon" name="tests/circle-geometry/multipolygon"/>
    <testcase classname="tests/circle-geometry/multipoint" name="tests/circle-geometry/multipoint"/>
    <testcase classname="tests/circle-geometry/multilinestring" name="tests/circle-geometry/multilinestring"/>
    <testcase classname="tests/circle-geometry/linestring" name="tests/circle-geometry/linestring"/>
    <testcase classname="tests/circle-color/zoom-and-property-function" name="tests/circle-color/zoom-and-property-function"/>
    <testcase classname="tests/circle-color/property-function" name="tests/circle-color/property-function"/>
    <testcase classname="tests/circle-color/literal" name="tests/circle-color/literal"/>
    <testcase classname="tests/circle-color/global-state-with-get" name="tests/circle-color/global-state-with-get"/>
    <testcase classname="tests/circle-color/global-state" name="tests/circle-color/global-state"/>
    <testcase classname="tests/circle-color/function" name="tests/circle-color/function"/>
    <testcase classname="tests/circle-color/default" name="tests/circle-color/default"/>
    <testcase classname="tests/circle-blur/zoom-and-property-function" name="tests/circle-blur/zoom-and-property-function"/>
    <testcase classname="tests/circle-blur/property-function" name="tests/circle-blur/property-function"/>
    <testcase classname="tests/circle-blur/literal-stroke" name="tests/circle-blur/literal-stroke"/>
    <testcase classname="tests/circle-blur/literal" name="tests/circle-blur/literal"/>
    <testcase classname="tests/circle-blur/function" name="tests/circle-blur/function"/>
    <testcase classname="tests/circle-blur/default" name="tests/circle-blur/default"/>
    <testcase classname="tests/circle-blur/blending" name="tests/circle-blur/blending"/>
    <testcase classname="tests/canvas/update" name="tests/canvas/update"/>
    <testcase classname="tests/canvas/power-of-two" name="tests/canvas/power-of-two"/>
    <testcase classname="tests/canvas/default" name="tests/canvas/default"/>
    <testcase classname="tests/bright-v9/z0" name="tests/bright-v9/z0"/>
    <testcase classname="tests/basic-v9/z0-wide-x" name="tests/basic-v9/z0-wide-x"/>
    <testcase classname="tests/basic-v9/z0-narrow-y" name="tests/basic-v9/z0-narrow-y"/>
    <testcase classname="tests/basic-v9/z0" name="tests/basic-v9/z0"/>
    <testcase classname="tests/background-pattern/zoomed" name="tests/background-pattern/zoomed"/>
    <testcase classname="tests/background-pattern/rotated" name="tests/background-pattern/rotated"/>
    <testcase classname="tests/background-pattern/pitch" name="tests/background-pattern/pitch"/>
    <testcase classname="tests/background-pattern/missing" name="tests/background-pattern/missing"/>
    <testcase classname="tests/background-pattern/literal" name="tests/background-pattern/literal"/>
    <testcase classname="tests/background-pattern/@2x" name="tests/background-pattern/@2x"/>
    <testcase classname="tests/background-opacity/overlay" name="tests/background-opacity/overlay"/>
    <testcase classname="tests/background-opacity/function" name="tests/background-opacity/function"/>
    <testcase classname="tests/background-opacity/default" name="tests/background-opacity/default"/>
    <testcase classname="tests/background-opacity/background-pattern" name="tests/background-opacity/background-pattern"/>
    <testcase classname="tests/background-opacity/background-color" name="tests/background-opacity/background-color"/>
    <testcase classname="tests/background-color/transition" name="tests/background-color/transition"/>
    <testcase classname="tests/background-color/literal" name="tests/background-color/literal"/>
    <testcase classname="tests/background-color/function" name="tests/background-color/function"/>
    <testcase classname="tests/background-color/default" name="tests/background-color/default"/>
    <testcase classname="tests/background-color/colorSpace-lab" name="tests/background-color/colorSpace-lab"/>
    <testcase classname="tests/background-color/colorSpace-hcl" name="tests/background-color/colorSpace-hcl"/>
    <testcase classname="tests/text-local-ideographs/cjk-symbols" name="tests/text-local-ideographs/cjk-symbols">
      <failure/>
    </testcase>
    <testcase classname="tests/text-local-glyphs/no-glyphs" name="tests/text-local-glyphs/no-glyphs">
      <failure/>
    </testcase>
    <testcase classname="tests/text-local-glyphs/missing" name="tests/text-local-glyphs/missing">
      <failure/>
    </testcase>
    <testcase classname="tests/text-local-glyphs/cjk" name="tests/text-local-glyphs/cjk">
      <failure/>
    </testcase>
  </testsuite>
</testsuites>